Archive member included to satisfy reference by file (symbol)

/Applications/STM32CubeIDE.app/Contents/Eclipse/plugins/com.st.stm32cube.ide.mcu.externaltools.gnu-tools-for-stm32.12.3.rel1.macos64_1.1.0.202410301201/tools/bin/../lib/gcc/arm-none-eabi/12.3.1/../../../../arm-none-eabi/lib/thumb/v7e-m+fp/hard/libc_nano.a(libc_a-exit.o)
                              /Applications/STM32CubeIDE.app/Contents/Eclipse/plugins/com.st.stm32cube.ide.mcu.externaltools.gnu-tools-for-stm32.12.3.rel1.macos64_1.1.0.202410301201/tools/bin/../lib/gcc/arm-none-eabi/12.3.1/../../../../arm-none-eabi/lib/thumb/v7e-m+fp/hard/crt0.o (exit)
/Applications/STM32CubeIDE.app/Contents/Eclipse/plugins/com.st.stm32cube.ide.mcu.externaltools.gnu-tools-for-stm32.12.3.rel1.macos64_1.1.0.202410301201/tools/bin/../lib/gcc/arm-none-eabi/12.3.1/../../../../arm-none-eabi/lib/thumb/v7e-m+fp/hard/libc_nano.a(libc_a-nano-vfprintf_float.o)
                              (_printf_float)
/Applications/STM32CubeIDE.app/Contents/Eclipse/plugins/com.st.stm32cube.ide.mcu.externaltools.gnu-tools-for-stm32.12.3.rel1.macos64_1.1.0.202410301201/tools/bin/../lib/gcc/arm-none-eabi/12.3.1/../../../../arm-none-eabi/lib/thumb/v7e-m+fp/hard/libc_nano.a(libc_a-nano-vfprintf_i.o)
                              /Applications/STM32CubeIDE.app/Contents/Eclipse/plugins/com.st.stm32cube.ide.mcu.externaltools.gnu-tools-for-stm32.12.3.rel1.macos64_1.1.0.202410301201/tools/bin/../lib/gcc/arm-none-eabi/12.3.1/../../../../arm-none-eabi/lib/thumb/v7e-m+fp/hard/libc_nano.a(libc_a-nano-vfprintf_float.o) (_printf_common)
/Applications/STM32CubeIDE.app/Contents/Eclipse/plugins/com.st.stm32cube.ide.mcu.externaltools.gnu-tools-for-stm32.12.3.rel1.macos64_1.1.0.202410301201/tools/bin/../lib/gcc/arm-none-eabi/12.3.1/../../../../arm-none-eabi/lib/thumb/v7e-m+fp/hard/libc_nano.a(libc_a-findfp.o)
                              ./Middlewares/Third_Party/FreeRTOS/Source/tasks.o (__sf)
/Applications/STM32CubeIDE.app/Contents/Eclipse/plugins/com.st.stm32cube.ide.mcu.externaltools.gnu-tools-for-stm32.12.3.rel1.macos64_1.1.0.202410301201/tools/bin/../lib/gcc/arm-none-eabi/12.3.1/../../../../arm-none-eabi/lib/thumb/v7e-m+fp/hard/libc_nano.a(libc_a-fwalk.o)
                              /Applications/STM32CubeIDE.app/Contents/Eclipse/plugins/com.st.stm32cube.ide.mcu.externaltools.gnu-tools-for-stm32.12.3.rel1.macos64_1.1.0.202410301201/tools/bin/../lib/gcc/arm-none-eabi/12.3.1/../../../../arm-none-eabi/lib/thumb/v7e-m+fp/hard/libc_nano.a(libc_a-findfp.o) (_fwalk_sglue)
/Applications/STM32CubeIDE.app/Contents/Eclipse/plugins/com.st.stm32cube.ide.mcu.externaltools.gnu-tools-for-stm32.12.3.rel1.macos64_1.1.0.202410301201/tools/bin/../lib/gcc/arm-none-eabi/12.3.1/../../../../arm-none-eabi/lib/thumb/v7e-m+fp/hard/libc_nano.a(libc_a-vsnprintf.o)
                              ./Core/Src/main.o (vsnprintf)
/Applications/STM32CubeIDE.app/Contents/Eclipse/plugins/com.st.stm32cube.ide.mcu.externaltools.gnu-tools-for-stm32.12.3.rel1.macos64_1.1.0.202410301201/tools/bin/../lib/gcc/arm-none-eabi/12.3.1/../../../../arm-none-eabi/lib/thumb/v7e-m+fp/hard/libc_nano.a(libc_a-memset.o)
                              /Applications/STM32CubeIDE.app/Contents/Eclipse/plugins/com.st.stm32cube.ide.mcu.externaltools.gnu-tools-for-stm32.12.3.rel1.macos64_1.1.0.202410301201/tools/bin/../lib/gcc/arm-none-eabi/12.3.1/../../../../arm-none-eabi/lib/thumb/v7e-m+fp/hard/crt0.o (memset)
/Applications/STM32CubeIDE.app/Contents/Eclipse/plugins/com.st.stm32cube.ide.mcu.externaltools.gnu-tools-for-stm32.12.3.rel1.macos64_1.1.0.202410301201/tools/bin/../lib/gcc/arm-none-eabi/12.3.1/../../../../arm-none-eabi/lib/thumb/v7e-m+fp/hard/libc_nano.a(libc_a-localeconv.o)
                              /Applications/STM32CubeIDE.app/Contents/Eclipse/plugins/com.st.stm32cube.ide.mcu.externaltools.gnu-tools-for-stm32.12.3.rel1.macos64_1.1.0.202410301201/tools/bin/../lib/gcc/arm-none-eabi/12.3.1/../../../../arm-none-eabi/lib/thumb/v7e-m+fp/hard/libc_nano.a(libc_a-nano-vfprintf_float.o) (_localeconv_r)
/Applications/STM32CubeIDE.app/Contents/Eclipse/plugins/com.st.stm32cube.ide.mcu.externaltools.gnu-tools-for-stm32.12.3.rel1.macos64_1.1.0.202410301201/tools/bin/../lib/gcc/arm-none-eabi/12.3.1/../../../../arm-none-eabi/lib/thumb/v7e-m+fp/hard/libc_nano.a(libc_a-reent.o)
                              ./Middlewares/Third_Party/FreeRTOS/Source/tasks.o (_reclaim_reent)
/Applications/STM32CubeIDE.app/Contents/Eclipse/plugins/com.st.stm32cube.ide.mcu.externaltools.gnu-tools-for-stm32.12.3.rel1.macos64_1.1.0.202410301201/tools/bin/../lib/gcc/arm-none-eabi/12.3.1/../../../../arm-none-eabi/lib/thumb/v7e-m+fp/hard/libc_nano.a(libc_a-impure.o)
                              ./Middlewares/Third_Party/FreeRTOS/Source/tasks.o (_impure_ptr)
[...]
Memory Configuration

Name             Origin             Length             Attributes
RAM              0x20000000         0x0001c000         xrw
FLASH            0x08000000         0x00080000         xr
*default*        0x00000000         0xffffffff

Linker script and memory map

LOAD /Applications/STM32CubeIDE.app/Contents/Eclipse/plugins/com.st.stm32cube.ide.mcu.externaltools.gnu-tools-for-stm32.12.3.rel1.macos64_1.1.0.202410301201/tools/bin/../lib/gcc/arm-none-eabi/12.3.1/thumb/v7e-m+fp/hard/crti.o
LOAD /Applications/STM32CubeIDE.app/Contents/Eclipse/plugins/com.st.stm32cube.ide.mcu.externaltools.gnu-tools-for-stm32.12.3.rel1.macos64_1.1.0.202410301201/tools/bin/../lib/gcc/arm-none-eabi/12.3.1/thumb/v7e-m+fp/hard/crtbegin.o
LOAD /Applications/STM32CubeIDE.app/Contents/Eclipse/plugins/com.st.stm32cube.ide.mcu.externaltools.gnu-tools-for-stm32.12.3.rel1.macos64_1.1.0.202410301201/tools/bin/../lib/gcc/arm-none-eabi/12.3.1/../../../../arm-none-eabi/lib/thumb/v7e-m+fp/hard/crt0.o
LOAD ./Core/Src/Drivers/ltc2990.o
LOAD ./Core/Src/app_freertos.o
LOAD ./Core/Src/main.o
LOAD ./Core/Src/stm32g4xx_hal_msp.o
LOAD ./Core/Src/stm32g4xx_hal_timebase_tim.o
LOAD ./Core/Src/stm32g4xx_it.o
LOAD ./Core/Src/syscalls.o
LOAD ./Core/Src/sysmem.o
LOAD ./Core/Src/system_stm32g4xx.o
LOAD ./Core/Startup/startup_stm32g491cetx.o
LOAD ./Drivers/STM32G4xx_HAL_Driver/Src/stm32g4xx_hal.o
LOAD ./Drivers/STM32G4xx_HAL_Driver/Src/stm32g4xx_hal_adc.o
LOAD ./Drivers/STM32G4xx_HAL_Driver/Src/stm32g4xx_hal_adc_ex.o
LOAD ./Drivers/STM32G4xx_HAL_Driver/Src/stm32g4xx_hal_cortex.o
LOAD ./Drivers/STM32G4xx_HAL_Driver/Src/stm32g4xx_hal_dma.o
LOAD ./Drivers/STM32G4xx_HAL_Driver/Src/stm32g4xx_hal_dma_ex.o
LOAD ./Drivers/STM32G4xx_HAL_Driver/Src/stm32g4xx_hal_exti.o
LOAD ./Drivers/STM32G4xx_HAL_Driver/Src/stm32g4xx_hal_fdcan.o
LOAD ./Drivers/STM32G4xx_HAL_Driver/Src/stm32g4xx_hal_flash.o
LOAD ./Drivers/STM32G4xx_HAL_Driver/Src/stm32g4xx_hal_flash_ex.o
LOAD ./Drivers/STM32G4xx_HAL_Driver/Src/stm32g4xx_hal_flash_ramfunc.o
LOAD ./Drivers/STM32G4xx_HAL_Driver/Src/stm32g4xx_hal_gpio.o
LOAD ./Drivers/STM32G4xx_HAL_Driver/Src/stm32g4xx_hal_i2c.o
LOAD ./Drivers/STM32G4xx_HAL_Driver/Src/stm32g4xx_hal_i2c_ex.o
LOAD ./Drivers/STM32G4xx_HAL_Driver/Src/stm32g4xx_hal_pcd.o
LOAD ./Drivers/STM32G4xx_HAL_Driver/Src/stm32g4xx_hal_pcd_ex.o
LOAD ./Drivers/STM32G4xx_HAL_Driver/Src/stm32g4xx_hal_pwr.o
LOAD ./Drivers/STM32G4xx_HAL_Driver/Src/stm32g4xx_hal_pwr_ex.o
LOAD ./Drivers/STM32G4xx_HAL_Driver/Src/stm32g4xx_hal_rcc.o
LOAD ./Drivers/STM32G4xx_HAL_Driver/Src/stm32g4xx_hal_rcc_ex.o
LOAD ./Drivers/STM32G4xx_HAL_Driver/Src/stm32g4xx_hal_tim.o
LOAD ./Drivers/STM32G4xx_HAL_Driver/Src/stm32g4xx_hal_tim_ex.o
LOAD ./Drivers/STM32G4xx_HAL_Driver/Src/stm32g4xx_hal_uart.o
LOAD ./Drivers/STM32G4xx_HAL_Driver/Src/stm32g4xx_hal_uart_ex.o
LOAD ./Drivers/STM32G4xx_HAL_Driver/Src/stm32g4xx_ll_adc.o
LOAD ./Drivers/STM32G4xx_HAL_Driver/Src/stm32g4xx_ll_usb.o
LOAD ./Middlewares/ST/STM32_USB_Device_Library/Class/CDC/Src/usbd_cdc.o
LOAD ./Middlewares/ST/STM32_USB_Device_Library/Core/Src/usbd_core.o
LOAD ./Middlewares/ST/STM32_USB_Device_Library/Core/Src/usbd_ctlreq.o
LOAD ./Middlewares/ST/STM32_USB_Device_Library/Core/Src/usbd_ioreq.o
LOAD ./Middlewares/Third_Party/FreeRTOS/Source/CMSIS_RTOS_V2/cmsis_os2.o
LOAD ./Middlewares/Third_Party/FreeRTOS/Source/croutine.o
LOAD ./Middlewares/Third_Party/FreeRTOS/Source/event_groups.o
LOAD ./Middlewares/Third_Party/FreeRTOS/Source/list.o
LOAD ./Middlewares/Third_Party/FreeRTOS/Source/queue.o
LOAD ./Middlewares/Third_Party/FreeRTOS/Source/stream_buffer.o
LOAD ./Middlewares/Third_Party/FreeRTOS/Source/tasks.o
LOAD ./Middlewares/Third_Party/FreeRTOS/Source/timers.o
LOAD ./Middlewares/Third_Party/FreeRTOS/Source/portable/GCC/ARM_CM4F/port.o
LOAD ./Middlewares/Third_Party/FreeRTOS/Source/portable/MemMang/heap_4.o
LOAD ./USB_Device/App/usb_device.o
LOAD ./USB_Device/App/usbd_cdc_if.o
LOAD ./USB_Device/App/usbd_desc.o
LOAD ./USB_Device/Target/usbd_conf.o
START GROUP
LOAD /Applications/STM32CubeIDE.app/Contents/Eclipse/plugins/com.st.stm32cube.ide.mcu.externaltools.gnu-tools-for-stm32.12.3.rel1.macos64_1.1.0.202410301201/tools/bin/../lib/gcc/arm-none-eabi/12.3.1/../../../../arm-none-eabi/lib/thumb/v7e-m+fp/hard/libc_nano.a
LOAD /Applications/STM32CubeIDE.app/Contents/Eclipse/plugins/com.st.stm32cube.ide.mcu.externaltools.gnu-tools-for-stm32.12.3.rel1.macos64_1.1.0.202410301201/tools/bin/../lib/gcc/arm-none-eabi/12.3.1/../../../../arm-none-eabi/lib/thumb/v7e-m+fp/hard/libm.a
END GROUP
START GROUP
LOAD /Applications/STM32CubeIDE.app/Contents/Eclipse/plugins/com.st.stm32cube.ide.mcu.externaltools.gnu-tools-for-stm32.12.3.rel1.macos64_1.1.0.202410301201/tools/bin/../lib/gcc/arm-none-eabi/12.3.1/thumb/v7e-m+fp/hard/libgcc.a
LOAD /Applications/STM32CubeIDE.app/Contents/Eclipse/plugins/com.st.stm32cube.ide.mcu.externaltools.gnu-tools-for-stm32.12.3.rel1.macos64_1.1.0.202410301201/tools/bin/../lib/gcc/arm-none-eabi/12.3.1/../../../../arm-none-eabi/lib/thumb/v7e-m+fp/hard/libc_nano.a
END GROUP
START GROUP
LOAD /Applications/STM32CubeIDE.app/Contents/Eclipse/plugins/com.st.stm32cube.ide.mcu.externaltools.gnu-tools-for-stm32.12.3.rel1.macos64_1.1.0.202410301201/tools/bin/../lib/gcc/arm-none-eabi/12.3.1/thumb/v7e-m+fp/hard/libgcc.a
LOAD /Applications/STM32CubeIDE.app/Contents/Eclipse/plugins/com.st.stm32cube.ide.mcu.externaltools.gnu-tools-for-stm32.12.3.rel1.macos64_1.1.0.202410301201/tools/bin/../lib/gcc/arm-none-eabi/12.3.1/../../../../arm-none-eabi/lib/thumb/v7e-m+fp/hard/libc_nano.a
LOAD /Applications/STM32CubeIDE.app/Contents/Eclipse/plugins/com.st.stm32cube.ide.mcu.externaltools.gnu-tools-for-stm32.12.3.rel1.macos64_1.1.0.202410301201/tools/bin/../lib/gcc/arm-none-eabi/12.3.1/../../../../arm-none-eabi/lib/thumb/v7e-m+fp/hard/libnosys.a
END GROUP
START GROUP
LOAD /Applications/STM32CubeIDE.app/Contents/Eclipse/plugins/com.st.stm32cube.ide.mcu.externaltools.gnu-tools-for-stm32.12.3.rel1.macos64_1.1.0.202410301201/tools/bin/../lib/gcc/arm-none-eabi/12.3.1/thumb/v7e-m+fp/hard/libgcc.a
LOAD /Applications/STM32CubeIDE.app/Contents/Eclipse/plugins/com.st.stm32cube.ide.mcu.externaltools.gnu-tools-for-stm32.12.3.rel1.macos64_1.1.0.202410301201/tools/bin/../lib/gcc/arm-none-eabi/12.3.1/../../../../arm-none-eabi/lib/thumb/v7e-m+fp/hard/libc_nano.a
LOAD /Applications/STM32CubeIDE.app/Contents/Eclipse/plugins/com.st.stm32cube.ide.mcu.externaltools.gnu-tools-for-stm32.12.3.rel1.macos64_1.1.0.202410301201/tools/bin/../lib/gcc/arm-none-eabi/12.3.1/../../../../arm-none-eabi/lib/thumb/v7e-m+fp/hard/libnosys.a
END GROUP
LOAD /Applications/STM32CubeIDE.app/Contents/Eclipse/plugins/com.st.stm32cube.ide.mcu.externaltools.gnu-tools-for-stm32.12.3.rel1.macos64_1.1.0.202410301201/tools/bin/../lib/gcc/arm-none-eabi/12.3.1/thumb/v7e-m+fp/hard/crtend.o
LOAD /Applications/STM32CubeIDE.app/Contents/Eclipse/plugins/com.st.stm32cube.ide.mcu.externaltools.gnu-tools-for-stm32.12.3.rel1.macos64_1.1.0.202410301201/tools/bin/../lib/gcc/arm-none-eabi/12.3.1/thumb/v7e-m+fp/hard/crtn.o
                0x2001c000                        _estack = (ORIGIN (RAM) + LENGTH (RAM))
                0x00000200                        _Min_Heap_Size = 0x200
                0x00000400                        _Min_Stack_Size = 0x400

.isr_vector     0x08000000      0x1d8
                0x08000000                        . = ALIGN (0x4)
 *(.isr_vector)
 .isr_vector    0x08000000      0x1d8 ./Core/Startup/startup_stm32g491cetx.o
                0x08000000                g_pfnVectors
                0x080001d8                        . = ALIGN (0x4)

.text           0x080001e0    0x129d0
                0x080001e0                        . = ALIGN (0x4)
 *(.text)
 .text          0x080001e0       0x40 /Applications/STM32CubeIDE.app/Contents/Eclipse/plugins/com.st.stm32cube.ide.mcu.externaltools.gnu-tools-for-stm32.12.3.rel1.macos64_1.1.0.202410301201/tools/bin/../lib/gcc/arm-none-eabi/12.3.1/thumb/v7e-m+fp/hard/crtbegin.o
 .text          0x08000220       0xa0 /Applications/STM32CubeIDE.app/Contents/Eclipse/plugins/com.st.stm32cube.ide.mcu.externaltools.gnu-tools-for-stm32.12.3.rel1.macos64_1.1.0.202410301201/tools/bin/../lib/gcc/arm-none-eabi/12.3.1/../../../../arm-none-eabi/lib/thumb/v7e-m+fp/hard/libc_nano.a(libc_a-memchr.o)
                0x08000220                memchr
 .text          0x080002c0       0x10 /Applications/STM32CubeIDE.app/Contents/Eclipse/plugins/com.st.stm32cube.ide.mcu.externaltools.gnu-tools-for-stm32.12.3.rel1.macos64_1.1.0.202410301201/tools/bin/../lib/gcc/arm-none-eabi/12.3.1/../../../../arm-none-eabi/lib/thumb/v7e-m+fp/hard/libc_nano.a(libc_a-strlen.o)
                0x080002c0                strlen
 .text          0x080002d0      0x378 /Applications/STM32CubeIDE.app/Contents/Eclipse/plugins/com.st.stm32cube.ide.mcu.externaltools.gnu-tools-for-stm32.12.3.rel1.macos64_1.1.0.202410301201/tools/bin/../lib/gcc/arm-none-eabi/12.3.1/thumb/v7e-m+fp/hard/libgcc.a(_arm_addsubdf3.o)
                0x080002d0                __aeabi_drsub
                0x080002d8                __subdf3
                0x080002d8                __aeabi_dsub
                0x080002dc                __aeabi_dadd
                0x080002dc                __adddf3
                0x08000554                __aeabi_ui2d
                0x08000554                __floatunsidf
                0x08000574                __floatsidf
                0x08000574                __aeabi_i2d
                0x08000598                __extendsfdf2
                0x08000598                __aeabi_f2d
                0x080005dc                __aeabi_ul2d
                0x080005dc                __floatundidf
                0x080005ec                __aeabi_l2d
                0x080005ec                __floatdidf
 .text          0x08000648      0x424 /Applications/STM32CubeIDE.app/Contents/Eclipse/plugins/com.st.stm32cube.ide.mcu.externaltools.gnu-tools-for-stm32.12.3.rel1.macos64_1.1.0.202410301201/tools/bin/../lib/gcc/arm-none-eabi/12.3.1/thumb/v7e-m+fp/hard/libgcc.a(_arm_muldivdf3.o)
                0x08000648                __aeabi_dmul
                0x08000648                __muldf3
                0x0800089c                __aeabi_ddiv
                0x0800089c                __divdf3
 .text          0x08000a6c      0x110 /Applications/STM32CubeIDE.app/Contents/Eclipse/plugins/com.st.stm32cube.ide.mcu.externaltools.gnu-tools-for-stm32.12.3.rel1.macos64_1.1.0.202410301201/tools/bin/../lib/gcc/arm-none-eabi/12.3.1/thumb/v7e-m+fp/hard/libgcc.a(_arm_cmpdf2.o)
                0x08000a6c                __gedf2
                0x08000a6c                __gtdf2
                0x08000a74                __ledf2
                0x08000a74                __ltdf2
                0x08000a7c                __cmpdf2
                0x08000a7c                __eqdf2
                0x08000a7c                __nedf2
                0x08000af8                __aeabi_cdrcmple
                0x08000b08                __aeabi_cdcmple
                0x08000b08                __aeabi_cdcmpeq
                0x08000b18                __aeabi_dcmpeq
                0x08000b2c                __aeabi_dcmplt
                0x08000b40                __aeabi_dcmple
                0x08000b54                __aeabi_dcmpge
                0x08000b68                __aeabi_dcmpgt
 .text          0x08000b7c       0x2c /Applications/STM32CubeIDE.app/Contents/Eclipse/plugins/com.st.stm32cube.ide.mcu.externaltools.gnu-tools-for-stm32.12.3.rel1.macos64_1.1.0.202410301201/tools/bin/../lib/gcc/arm-none-eabi/12.3.1/thumb/v7e-m+fp/hard/libgcc.a(_arm_unorddf2.o)
                0x08000b7c                __aeabi_dcmpun
                0x08000b7c                __unorddf2
 .text          0x08000ba8       0x50 /Applications/STM32CubeIDE.app/Contents/Eclipse/plugins/com.st.stm32cube.ide.mcu.externaltools.gnu-tools-for-stm32.12.3.rel1.macos64_1.1.0.202410301201/tools/bin/../lib/gcc/arm-none-eabi/12.3.1/thumb/v7e-m+fp/hard/libgcc.a(_arm_fixdfsi.o)
                0x08000ba8                __fixdfsi
                0x08000ba8                __aeabi_d2iz
 .text          0x08000bf8       0xa0 /Applications/STM32CubeIDE.app/Contents/Eclipse/plugins/com.st.stm32cube.ide.mcu.externaltools.gnu-tools-for-stm32.12.3.rel1.macos64_1.1.0.202410301201/tools/bin/../lib/gcc/arm-none-eabi/12.3.1/thumb/v7e-m+fp/hard/libgcc.a(_arm_truncdfsf2.o)
                0x08000bf8                __aeabi_d2f
                0x08000bf8                __truncdfsf2
 .text          0x08000c98       0x30 /Applications/STM32CubeIDE.app/Contents/Eclipse/plugins/com.st.stm32cube.ide.mcu.externaltools.gnu-tools-for-stm32.12.3.rel1.macos64_1.1.0.202410301201/tools/bin/../lib/gcc/arm-none-eabi/12.3.1/thumb/v7e-m+fp/hard/libgcc.a(_aeabi_uldivmod.o)
                0x08000c98                __aeabi_uldivmod
 .text          0x08000cc8      0x2bc /Applications/STM32CubeIDE.app/Contents/Eclipse/plugins/com.st.stm32cube.ide.mcu.externaltools.gnu-tools-for-stm32.12.3.rel1.macos64_1.1.0.202410301201/tools/bin/../lib/gcc/arm-none-eabi/12.3.1/thumb/v7e-m+fp/hard/libgcc.a(_udivmoddi4.o)
                0x08000cc8                __udivmoddi4
 .text          0x08000f84        0x4 /Applications/STM32CubeIDE.app/Contents/Eclipse/plugins/com.st.stm32cube.ide.mcu.externaltools.gnu-tools-for-stm32.12.3.rel1.macos64_1.1.0.202410301201/tools/bin/../lib/gcc/arm-none-eabi/12.3.1/thumb/v7e-m+fp/hard/libgcc.a(_dvmd_tls.o)
                0x08000f84                __aeabi_ldiv0
                0x08000f84                __aeabi_idiv0
 *(.text*)
 .text.LTC2990_Init
                0x08000f88       0xac ./Core/Src/Drivers/ltc2990.o
                0x08000f88                LTC2990_Init
 *fill*         0x08001034        0x4 
 .text.LTC2990_Step
                0x08001038      0x234 ./Core/Src/Drivers/ltc2990.o
                0x08001038                LTC2990_Step
 .text.LTC2990_Get_Single_Ended_Voltage
                0x0800126c       0x28 ./Core/Src/Drivers/ltc2990.o
                0x0800126c                LTC2990_Get_Single_Ended_Voltage
 .text.LTC2990_Set_Mode
                0x08001294       0x88 ./Core/Src/Drivers/ltc2990.o
                0x08001294                LTC2990_Set_Mode
 .text.LTC2990_Trigger_Conversion
                0x0800131c       0x1c ./Core/Src/Drivers/ltc2990.o
                0x0800131c                LTC2990_Trigger_Conversion
 .text.LTC2990_ADC_Read_New_Data
                0x08001338      0x104 ./Core/Src/Drivers/ltc2990.o
                0x08001338                LTC2990_ADC_Read_New_Data
 *fill*         0x0800143c        0x4 
 .text.LTC2990_Code_To_Current
                0x08001440       0xcc ./Core/Src/Drivers/ltc2990.o
                0x08001440                LTC2990_Code_To_Current
 .text.LTC2990_Code_To_Single_Ended_Voltage
                0x0800150c       0x80 ./Core/Src/Drivers/ltc2990.o
                0x0800150c                LTC2990_Code_To_Single_Ended_Voltage
 .text.LTC2990_Read_Register
                0x0800158c       0x58 ./Core/Src/Drivers/ltc2990.o
                0x0800158c                LTC2990_Read_Register
 .text.LTC2990_Write_Register
                0x080015e4       0x5c ./Core/Src/Drivers/ltc2990.o
                0x080015e4                LTC2990_Write_Register
 .text.CDC_Transmit_Print
                0x08001640       0x6c ./Core/Src/main.o
                0x08001640                CDC_Transmit_Print
 .text.HAL_GPIO_EXTI_Callback
                0x080016ac       0x60 ./Core/Src/main.o
                0x080016ac                HAL_GPIO_EXTI_Callback
 .text.main     0x0800170c       0xa4 ./Core/Src/main.o
                0x0800170c                main
 .text.SystemClock_Config
                0x080017b0       0x84 ./Core/Src/main.o
                0x080017b0                SystemClock_Config
 .text.MX_ADC3_Init
                0x08001834       0xe4 ./Core/Src/main.o
 .text.MX_FDCAN2_Init
                0x08001918       0x90 ./Core/Src/main.o
 .text.MX_I2C2_Init
                0x080019a8       0x80 ./Core/Src/main.o
 .text.MX_LPUART1_UART_Init
                0x08001a28       0x94 ./Core/Src/main.o
 .text.MX_GPIO_Init
                0x08001abc      0x178 ./Core/Src/main.o
 .text.startBlinkLED
                0x08001c34       0x22 ./Core/Src/main.o
                0x08001c34                startBlinkLED
 *fill*         0x08001c56        0x2 
 .text.startReadInstrumentation
                0x08001c58       0xac ./Core/Src/main.o
                0x08001c58                startReadInstrumentation
 .text.StartSendMessage
                0x08001d04       0x64 ./Core/Src/main.o
                0x08001d04                StartSendMessage
 .text.HAL_TIM_PeriodElapsedCallback
                0x08001d68       0x24 ./Core/Src/main.o
                0x08001d68                HAL_TIM_PeriodElapsedCallback
 .text.Error_Handler
                0x08001d8c        0xc ./Core/Src/main.o
                0x08001d8c                Error_Handler
 .text.HAL_MspInit
                0x08001d98       0x54 ./Core/Src/stm32g4xx_hal_msp.o
                0x08001d98                HAL_MspInit
 .text.HAL_ADC_MspInit
                0x08001dec       0xb0 ./Core/Src/stm32g4xx_hal_msp.o
                0x08001dec                HAL_ADC_MspInit
 .text.HAL_FDCAN_MspInit
                0x08001e9c       0xb4 ./Core/Src/stm32g4xx_hal_msp.o
                0x08001e9c                HAL_FDCAN_MspInit
 .text.HAL_I2C_MspInit
                0x08001f50       0xb0 ./Core/Src/stm32g4xx_hal_msp.o
                0x08001f50                HAL_I2C_MspInit
 .text.HAL_UART_MspInit
                0x08002000       0xb0 ./Core/Src/stm32g4xx_hal_msp.o
                0x08002000                HAL_UART_MspInit
 .text.HAL_InitTick
                0x080020b0       0xd8 ./Core/Src/stm32g4xx_hal_timebase_tim.o
                0x080020b0                HAL_InitTick
 .text.NMI_Handler
                0x08002188        0x8 ./Core/Src/stm32g4xx_it.o
                0x08002188                NMI_Handler
 .text.HardFault_Handler
                0x08002190        0x8 ./Core/Src/stm32g4xx_it.o
                0x08002190                HardFault_Handler
 .text.MemManage_Handler
                0x08002198        0x8 ./Core/Src/stm32g4xx_it.o
                0x08002198                MemManage_Handler
 .text.BusFault_Handler
                0x080021a0        0x8 ./Core/Src/stm32g4xx_it.o
                0x080021a0                BusFault_Handler
 .text.UsageFault_Handler
                0x080021a8        0x8 ./Core/Src/stm32g4xx_it.o
                0x080021a8                UsageFault_Handler
 .text.DebugMon_Handler
                0x080021b0        0xe ./Core/Src/stm32g4xx_it.o
                0x080021b0                DebugMon_Handler
 .text.EXTI0_IRQHandler
                0x080021be        0xe ./Core/Src/stm32g4xx_it.o
                0x080021be                EXTI0_IRQHandler
 .text.EXTI1_IRQHandler
                0x080021cc        0xe ./Core/Src/stm32g4xx_it.o
                0x080021cc                EXTI1_IRQHandler
 .text.EXTI2_IRQHandler
                0x080021da        0xe ./Core/Src/stm32g4xx_it.o
                0x080021da                EXTI2_IRQHandler
 .text.USB_LP_IRQHandler
                0x080021e8       0x14 ./Core/Src/stm32g4xx_it.o
                0x080021e8                USB_LP_IRQHandler
 .text.TIM1_UP_TIM16_IRQHandler
                0x080021fc       0x14 ./Core/Src/stm32g4xx_it.o
                0x080021fc                TIM1_UP_TIM16_IRQHandler
 .text._getpid  0x08002210       0x10 ./Core/Src/syscalls.o
                0x08002210                _getpid
 .text._kill    0x08002220       0x20 ./Core/Src/syscalls.o
                0x08002220                _kill
 .text._exit    0x08002240       0x16 ./Core/Src/syscalls.o
                0x08002240                _exit
 .text._read    0x08002256       0x3a ./Core/Src/syscalls.o
                0x08002256                _read
 .text._write   0x08002290       0x38 ./Core/Src/syscalls.o
                0x08002290                _write
 .text._close   0x080022c8       0x18 ./Core/Src/syscalls.o
                0x080022c8                _close
 .text._fstat   0x080022e0       0x20 ./Core/Src/syscalls.o
                0x080022e0                _fstat
 .text._isatty  0x08002300       0x16 ./Core/Src/syscalls.o
                0x08002300                _isatty
 .text._lseek   0x08002316       0x1a ./Core/Src/syscalls.o
                0x08002316                _lseek
 .text._sbrk    0x08002330       0x6c ./Core/Src/sysmem.o
                0x08002330                _sbrk
 .text.SystemInit
                0x0800239c       0x24 ./Core/Src/system_stm32g4xx.o
                0x0800239c                SystemInit
 .text.Reset_Handler
                0x080023c0       0x50 ./Core/Startup/startup_stm32g491cetx.o
                0x080023c0                Reset_Handler
 .text.Default_Handler
                0x08002410        0x2 ./Core/Startup/startup_stm32g491cetx.o
                0x08002410                TIM1_BRK_TIM15_IRQHandler
                0x08002410                TIM8_TRG_COM_IRQHandler
                0x08002410                TIM8_CC_IRQHandler
                0x08002410                TIM1_CC_IRQHandler
                0x08002410                USB_HP_IRQHandler
                0x08002410                CORDIC_IRQHandler
                0x08002410                DMA2_Channel8_IRQHandler
                0x08002410                EXTI3_IRQHandler
                0x08002410                I2C3_ER_IRQHandler
                0x08002410                I2C2_EV_IRQHandler
                0x08002410                FPU_IRQHandler
                0x08002410                FDCAN1_IT1_IRQHandler
                0x08002410                ADC1_2_IRQHandler
                0x08002410                SPI1_IRQHandler
                0x08002410                TIM6_DAC_IRQHandler
                0x08002410                TIM8_UP_IRQHandler
                0x08002410                DMA2_Channel2_IRQHandler
                0x08002410                DMA1_Channel4_IRQHandler
                0x08002410                TIM20_TRG_COM_IRQHandler
                0x08002410                USART3_IRQHandler
                0x08002410                DMA1_Channel7_IRQHandler
                0x08002410                UART5_IRQHandler
                0x08002410                ADC3_IRQHandler
                0x08002410                TIM4_IRQHandler
                0x08002410                DMA2_Channel1_IRQHandler
                0x08002410                QUADSPI_IRQHandler
                0x08002410                I2C1_EV_IRQHandler
                0x08002410                DMA1_Channel6_IRQHandler
                0x08002410                UART4_IRQHandler
                0x08002410                DMA2_Channel4_IRQHandler
                0x08002410                TIM3_IRQHandler
                0x08002410                RCC_IRQHandler
                0x08002410                TIM20_UP_IRQHandler
                0x08002410                DMA1_Channel1_IRQHandler
                0x08002410                Default_Handler
                0x08002410                DMA2_Channel7_IRQHandler
                0x08002410                RTC_TAMP_LSECSS_IRQHandler
                0x08002410                FMAC_IRQHandler
                0x08002410                EXTI15_10_IRQHandler
                0x08002410                DMA1_Channel8_IRQHandler
                0x08002410                TIM7_IRQHandler
                0x08002410                UCPD1_IRQHandler
                0x08002410                I2C3_EV_IRQHandler
                0x08002410                EXTI9_5_IRQHandler
                0x08002410                RTC_WKUP_IRQHandler
                0x08002410                PVD_PVM_IRQHandler
                0x08002410                SPI2_IRQHandler
                0x08002410                DMA2_Channel5_IRQHandler
                0x08002410                CRS_IRQHandler
                0x08002410                DMA1_Channel5_IRQHandler
                0x08002410                EXTI4_IRQHandler
                0x08002410                RNG_IRQHandler
                0x08002410                TIM1_TRG_COM_TIM17_IRQHandler
                0x08002410                FDCAN2_IT1_IRQHandler
                0x08002410                DMA1_Channel3_IRQHandler
                0x08002410                WWDG_IRQHandler
                0x08002410                FDCAN2_IT0_IRQHandler
                0x08002410                LPUART1_IRQHandler
                0x08002410                DMA2_Channel6_IRQHandler
                0x08002410                FDCAN1_IT0_IRQHandler
                0x08002410                TIM2_IRQHandler
                0x08002410                COMP1_2_3_IRQHandler
                0x08002410                USART2_IRQHandler
                0x08002410                TIM20_BRK_IRQHandler
                0x08002410                I2C2_ER_IRQHandler
                0x08002410                DMA1_Channel2_IRQHandler
                0x08002410                TIM8_BRK_IRQHandler
                0x08002410                FLASH_IRQHandler
                0x08002410                TIM20_CC_IRQHandler
                0x08002410                USART1_IRQHandler
                0x08002410                SPI3_IRQHandler
                0x08002410                I2C1_ER_IRQHandler
                0x08002410                LPTIM1_IRQHandler
                0x08002410                DMAMUX_OVR_IRQHandler
                0x08002410                USBWakeUp_IRQHandler
                0x08002410                SAI1_IRQHandler
                0x08002410                DMA2_Channel3_IRQHandler
                0x08002410                COMP4_IRQHandler
                0x08002410                RTC_Alarm_IRQHandler
 .text.HAL_Init
                0x08002412       0x30 ./Drivers/STM32G4xx_HAL_Driver/Src/stm32g4xx_hal.o
                0x08002412                HAL_Init
 *fill*         0x08002442        0x2 
 .text.HAL_IncTick
                0x08002444       0x24 ./Drivers/STM32G4xx_HAL_Driver/Src/stm32g4xx_hal.o
                0x08002444                HAL_IncTick
 .text.HAL_GetTick
                0x08002468       0x18 ./Drivers/STM32G4xx_HAL_Driver/Src/stm32g4xx_hal.o
                0x08002468                HAL_GetTick
 .text.HAL_Delay
                0x08002480       0x44 ./Drivers/STM32G4xx_HAL_Driver/Src/stm32g4xx_hal.o
                0x08002480                HAL_Delay
 .text.LL_ADC_SetCommonClock
                0x080024c4       0x26 ./Drivers/STM32G4xx_HAL_Driver/Src/stm32g4xx_hal_adc.o
 .text.LL_ADC_SetCommonPathInternalCh
                0x080024ea       0x26 ./Drivers/STM32G4xx_HAL_Driver/Src/stm32g4xx_hal_adc.o
 .text.LL_ADC_GetCommonPathInternalCh
                0x08002510       0x1c ./Drivers/STM32G4xx_HAL_Driver/Src/stm32g4xx_hal_adc.o
 .text.LL_ADC_SetOffset
                0x0800252c       0x48 ./Drivers/STM32G4xx_HAL_Driver/Src/stm32g4xx_hal_adc.o
 .text.LL_ADC_GetOffsetChannel
                0x08002574       0x2c ./Drivers/STM32G4xx_HAL_Driver/Src/stm32g4xx_hal_adc.o
 .text.LL_ADC_SetOffsetState
                0x080025a0       0x36 ./Drivers/STM32G4xx_HAL_Driver/Src/stm32g4xx_hal_adc.o
 .text.LL_ADC_SetOffsetSign
                0x080025d6       0x36 ./Drivers/STM32G4xx_HAL_Driver/Src/stm32g4xx_hal_adc.o
 .text.LL_ADC_SetOffsetSaturation
                0x0800260c       0x36 ./Drivers/STM32G4xx_HAL_Driver/Src/stm32g4xx_hal_adc.o
 .text.LL_ADC_SetSamplingTimeCommonConfig
                0x08002642       0x26 ./Drivers/STM32G4xx_HAL_Driver/Src/stm32g4xx_hal_adc.o
 .text.LL_ADC_REG_IsTriggerSourceSWStart
                0x08002668       0x26 ./Drivers/STM32G4xx_HAL_Driver/Src/stm32g4xx_hal_adc.o
 .text.LL_ADC_REG_SetSequencerRanks
                0x0800268e       0x58 ./Drivers/STM32G4xx_HAL_Driver/Src/stm32g4xx_hal_adc.o
 .text.LL_ADC_SetChannelSamplingTime
                0x080026e6       0x56 ./Drivers/STM32G4xx_HAL_Driver/Src/stm32g4xx_hal_adc.o
 .text.LL_ADC_SetChannelSingleDiff
                0x0800273c       0x48 ./Drivers/STM32G4xx_HAL_Driver/Src/stm32g4xx_hal_adc.o
 .text.LL_ADC_GetMultimode
                0x08002784       0x1c ./Drivers/STM32G4xx_HAL_Driver/Src/stm32g4xx_hal_adc.o
 .text.LL_ADC_GetMultiDMATransfer
                0x080027a0       0x1c ./Drivers/STM32G4xx_HAL_Driver/Src/stm32g4xx_hal_adc.o
 .text.LL_ADC_DisableDeepPowerDown
                0x080027bc       0x24 ./Drivers/STM32G4xx_HAL_Driver/Src/stm32g4xx_hal_adc.o
 .text.LL_ADC_IsDeepPowerDownEnabled
                0x080027e0       0x28 ./Drivers/STM32G4xx_HAL_Driver/Src/stm32g4xx_hal_adc.o
 .text.LL_ADC_EnableInternalRegulator
                0x08002808       0x28 ./Drivers/STM32G4xx_HAL_Driver/Src/stm32g4xx_hal_adc.o
 .text.LL_ADC_IsInternalRegulatorEnabled
                0x08002830       0x28 ./Drivers/STM32G4xx_HAL_Driver/Src/stm32g4xx_hal_adc.o
 .text.LL_ADC_Enable
                0x08002858       0x28 ./Drivers/STM32G4xx_HAL_Driver/Src/stm32g4xx_hal_adc.o
 .text.LL_ADC_IsEnabled
                0x08002880       0x26 ./Drivers/STM32G4xx_HAL_Driver/Src/stm32g4xx_hal_adc.o
 .text.LL_ADC_REG_StartConversion
                0x080028a6       0x28 ./Drivers/STM32G4xx_HAL_Driver/Src/stm32g4xx_hal_adc.o
 .text.LL_ADC_REG_IsConversionOngoing
                0x080028ce       0x26 ./Drivers/STM32G4xx_HAL_Driver/Src/stm32g4xx_hal_adc.o
 .text.LL_ADC_INJ_IsConversionOngoing
                0x080028f4       0x26 ./Drivers/STM32G4xx_HAL_Driver/Src/stm32g4xx_hal_adc.o
 *fill*         0x0800291a        0x2 
 .text.HAL_ADC_Init
                0x0800291c      0x35c ./Drivers/STM32G4xx_HAL_Driver/Src/stm32g4xx_hal_adc.o
                0x0800291c                HAL_ADC_Init
 .text.HAL_ADC_Start
                0x08002c78      0x194 ./Drivers/STM32G4xx_HAL_Driver/Src/stm32g4xx_hal_adc.o
                0x08002c78                HAL_ADC_Start
 .text.HAL_ADC_PollForConversion
                0x08002e0c      0x1e8 ./Drivers/STM32G4xx_HAL_Driver/Src/stm32g4xx_hal_adc.o
                0x08002e0c                HAL_ADC_PollForConversion
 .text.HAL_ADC_GetValue
                0x08002ff4       0x1a ./Drivers/STM32G4xx_HAL_Driver/Src/stm32g4xx_hal_adc.o
                0x08002ff4                HAL_ADC_GetValue
 *fill*         0x0800300e        0x2 
 .text.HAL_ADC_ConfigChannel
                0x08003010      0x858 ./Drivers/STM32G4xx_HAL_Driver/Src/stm32g4xx_hal_adc.o
                0x08003010                HAL_ADC_ConfigChannel
 .text.ADC_Enable
                0x08003868      0x12c ./Drivers/STM32G4xx_HAL_Driver/Src/stm32g4xx_hal_adc.o
                0x08003868                ADC_Enable
 .text.__NVIC_SetPriorityGrouping
                0x08003994       0x48 ./Drivers/STM32G4xx_HAL_Driver/Src/stm32g4xx_hal_cortex.o
 .text.__NVIC_GetPriorityGrouping
                0x080039dc       0x1c ./Drivers/STM32G4xx_HAL_Driver/Src/stm32g4xx_hal_cortex.o
 .text.__NVIC_EnableIRQ
                0x080039f8       0x3c ./Drivers/STM32G4xx_HAL_Driver/Src/stm32g4xx_hal_cortex.o
 .text.__NVIC_SetPriority
                0x08003a34       0x54 ./Drivers/STM32G4xx_HAL_Driver/Src/stm32g4xx_hal_cortex.o
 .text.NVIC_EncodePriority
                0x08003a88       0x66 ./Drivers/STM32G4xx_HAL_Driver/Src/stm32g4xx_hal_cortex.o
 .text.HAL_NVIC_SetPriorityGrouping
                0x08003aee       0x16 ./Drivers/STM32G4xx_HAL_Driver/Src/stm32g4xx_hal_cortex.o
                0x08003aee                HAL_NVIC_SetPriorityGrouping
 .text.HAL_NVIC_SetPriority
                0x08003b04       0x34 ./Drivers/STM32G4xx_HAL_Driver/Src/stm32g4xx_hal_cortex.o
                0x08003b04                HAL_NVIC_SetPriority
 .text.HAL_NVIC_EnableIRQ
                0x08003b38       0x1c ./Drivers/STM32G4xx_HAL_Driver/Src/stm32g4xx_hal_cortex.o
                0x08003b38                HAL_NVIC_EnableIRQ
 .text.HAL_FDCAN_Init
                0x08003b54      0x2b4 ./Drivers/STM32G4xx_HAL_Driver/Src/stm32g4xx_hal_fdcan.o
                0x08003b54                HAL_FDCAN_Init
 .text.HAL_FDCAN_Start
                0x08003e08       0x50 ./Drivers/STM32G4xx_HAL_Driver/Src/stm32g4xx_hal_fdcan.o
                0x08003e08                HAL_FDCAN_Start
 .text.HAL_FDCAN_AddMessageToTxFifoQ
                0x08003e58       0x88 ./Drivers/STM32G4xx_HAL_Driver/Src/stm32g4xx_hal_fdcan.o
                0x08003e58                HAL_FDCAN_AddMessageToTxFifoQ
 .text.FDCAN_CalcultateRamBlockAddresses
                0x08003ee0       0xc4 ./Drivers/STM32G4xx_HAL_Driver/Src/stm32g4xx_hal_fdcan.o
 .text.FDCAN_CopyMessageToRAM
                0x08003fa4       0xf8 ./Drivers/STM32G4xx_HAL_Driver/Src/stm32g4xx_hal_fdcan.o
 .text.HAL_GPIO_Init
                0x0800409c      0x304 ./Drivers/STM32G4xx_HAL_Driver/Src/stm32g4xx_hal_gpio.o
                0x0800409c                HAL_GPIO_Init
 .text.HAL_GPIO_ReadPin
                0x080043a0       0x30 ./Drivers/STM32G4xx_HAL_Driver/Src/stm32g4xx_hal_gpio.o
                0x080043a0                HAL_GPIO_ReadPin
 .text.HAL_GPIO_WritePin
                0x080043d0       0x30 ./Drivers/STM32G4xx_HAL_Driver/Src/stm32g4xx_hal_gpio.o
                0x080043d0                HAL_GPIO_WritePin
 .text.HAL_GPIO_TogglePin
                0x08004400       0x34 ./Drivers/STM32G4xx_HAL_Driver/Src/stm32g4xx_hal_gpio.o
                0x08004400                HAL_GPIO_TogglePin
 .text.HAL_GPIO_EXTI_IRQHandler
                0x08004434       0x30 ./Drivers/STM32G4xx_HAL_Driver/Src/stm32g4xx_hal_gpio.o
                0x08004434                HAL_GPIO_EXTI_IRQHandler
 .text.HAL_I2C_Init
                0x08004464      0x136 ./Drivers/STM32G4xx_HAL_Driver/Src/stm32g4xx_hal_i2c.o
                0x08004464                HAL_I2C_Init
 *fill*         0x0800459a        0x2 
 .text.HAL_I2C_Mem_Write
                0x0800459c      0x228 ./Drivers/STM32G4xx_HAL_Driver/Src/stm32g4xx_hal_i2c.o
                0x0800459c                HAL_I2C_Mem_Write
 .text.HAL_I2C_Mem_Read
                0x080047c4      0x234 ./Drivers/STM32G4xx_HAL_Driver/Src/stm32g4xx_hal_i2c.o
                0x080047c4                HAL_I2C_Mem_Read
 .text.I2C_RequestMemoryWrite
                0x080049f8       0xa8 ./Drivers/STM32G4xx_HAL_Driver/Src/stm32g4xx_hal_i2c.o
 .text.I2C_RequestMemoryRead
                0x08004aa0       0xa8 ./Drivers/STM32G4xx_HAL_Driver/Src/stm32g4xx_hal_i2c.o
 .text.I2C_Flush_TXDR
                0x08004b48       0x48 ./Drivers/STM32G4xx_HAL_Driver/Src/stm32g4xx_hal_i2c.o
 .text.I2C_WaitOnFlagUntilTimeout
                0x08004b90       0xb2 ./Drivers/STM32G4xx_HAL_Driver/Src/stm32g4xx_hal_i2c.o
 .text.I2C_WaitOnTXISFlagUntilTimeout
                0x08004c42       0x8e ./Drivers/STM32G4xx_HAL_Driver/Src/stm32g4xx_hal_i2c.o
 .text.I2C_WaitOnSTOPFlagUntilTimeout
                0x08004cd0       0x86 ./Drivers/STM32G4xx_HAL_Driver/Src/stm32g4xx_hal_i2c.o
 *fill*         0x08004d56        0x2 
 .text.I2C_IsErrorOccurred
                0x08004d58      0x1c0 ./Drivers/STM32G4xx_HAL_Driver/Src/stm32g4xx_hal_i2c.o
 .text.I2C_TransferConfig
                0x08004f18       0x64 ./Drivers/STM32G4xx_HAL_Driver/Src/stm32g4xx_hal_i2c.o
 .text.HAL_I2CEx_ConfigAnalogFilter
                0x08004f7c       0x96 ./Drivers/STM32G4xx_HAL_Driver/Src/stm32g4xx_hal_i2c_ex.o
                0x08004f7c                HAL_I2CEx_ConfigAnalogFilter
 .text.HAL_I2CEx_ConfigDigitalFilter
                0x08005012       0x98 ./Drivers/STM32G4xx_HAL_Driver/Src/stm32g4xx_hal_i2c_ex.o
                0x08005012                HAL_I2CEx_ConfigDigitalFilter
 .text.HAL_PCD_Init
                0x080050aa      0x19c ./Drivers/STM32G4xx_HAL_Driver/Src/stm32g4xx_hal_pcd.o
                0x080050aa                HAL_PCD_Init
 .text.HAL_PCD_Start
                0x08005246       0x44 ./Drivers/STM32G4xx_HAL_Driver/Src/stm32g4xx_hal_pcd.o
                0x08005246                HAL_PCD_Start
 .text.HAL_PCD_IRQHandler
                0x0800528a      0x24e ./Drivers/STM32G4xx_HAL_Driver/Src/stm32g4xx_hal_pcd.o
                0x0800528a                HAL_PCD_IRQHandler
 .text.HAL_PCD_SetAddress
                0x080054d8       0x48 ./Drivers/STM32G4xx_HAL_Driver/Src/stm32g4xx_hal_pcd.o
                0x080054d8                HAL_PCD_SetAddress
 .text.HAL_PCD_EP_Open
                0x08005520       0xbe ./Drivers/STM32G4xx_HAL_Driver/Src/stm32g4xx_hal_pcd.o
                0x08005520                HAL_PCD_EP_Open
 .text.HAL_PCD_EP_Close
                0x080055de       0x90 ./Drivers/STM32G4xx_HAL_Driver/Src/stm32g4xx_hal_pcd.o
                0x080055de                HAL_PCD_EP_Close
 .text.HAL_PCD_EP_Receive
                0x0800566e       0x62 ./Drivers/STM32G4xx_HAL_Driver/Src/stm32g4xx_hal_pcd.o
                0x0800566e                HAL_PCD_EP_Receive
 .text.HAL_PCD_EP_GetRxCount
                0x080056d0       0x30 ./Drivers/STM32G4xx_HAL_Driver/Src/stm32g4xx_hal_pcd.o
                0x080056d0                HAL_PCD_EP_GetRxCount
 .text.HAL_PCD_EP_Transmit
                0x08005700       0x6e ./Drivers/STM32G4xx_HAL_Driver/Src/stm32g4xx_hal_pcd.o
                0x08005700                HAL_PCD_EP_Transmit
 .text.HAL_PCD_EP_SetStall
                0x0800576e       0xa4 ./Drivers/STM32G4xx_HAL_Driver/Src/stm32g4xx_hal_pcd.o
                0x0800576e                HAL_PCD_EP_SetStall
 .text.HAL_PCD_EP_ClrStall
                0x08005812       0xa8 ./Drivers/STM32G4xx_HAL_Driver/Src/stm32g4xx_hal_pcd.o
                0x08005812                HAL_PCD_EP_ClrStall
 .text.PCD_EP_ISR_Handler
                0x080058ba      0x68e ./Drivers/STM32G4xx_HAL_Driver/Src/stm32g4xx_hal_pcd.o
 .text.HAL_PCD_EP_DB_Receive
                0x08005f48      0x212 ./Drivers/STM32G4xx_HAL_Driver/Src/stm32g4xx_hal_pcd.o
 .text.HAL_PCD_EP_DB_Transmit
                0x0800615a      0x878 ./Drivers/STM32G4xx_HAL_Driver/Src/stm32g4xx_hal_pcd.o
 .text.HAL_PCDEx_PMAConfig
                0x080069d2       0x86 ./Drivers/STM32G4xx_HAL_Driver/Src/stm32g4xx_hal_pcd_ex.o
                0x080069d2                HAL_PCDEx_PMAConfig
 .text.HAL_PCDEx_ActivateLPM
                0x08006a58       0x54 ./Drivers/STM32G4xx_HAL_Driver/Src/stm32g4xx_hal_pcd_ex.o
                0x08006a58                HAL_PCDEx_ActivateLPM
 .text.HAL_PWREx_ControlVoltageScaling
                0x08006aac      0x148 ./Drivers/STM32G4xx_HAL_Driver/Src/stm32g4xx_hal_pwr_ex.o
                0x08006aac                HAL_PWREx_ControlVoltageScaling
 .text.HAL_PWREx_DisableUCPDDeadBattery
                0x08006bf4       0x20 ./Drivers/STM32G4xx_HAL_Driver/Src/stm32g4xx_hal_pwr_ex.o
                0x08006bf4                HAL_PWREx_DisableUCPDDeadBattery
 .text.HAL_RCC_OscConfig
                0x08006c14      0x624 ./Drivers/STM32G4xx_HAL_Driver/Src/stm32g4xx_hal_rcc.o
                0x08006c14                HAL_RCC_OscConfig
 .text.HAL_RCC_ClockConfig
                0x08007238      0x278 ./Drivers/STM32G4xx_HAL_Driver/Src/stm32g4xx_hal_rcc.o
                0x08007238                HAL_RCC_ClockConfig
 .text.HAL_RCC_GetSysClockFreq
                0x080074b0       0xc4 ./Drivers/STM32G4xx_HAL_Driver/Src/stm32g4xx_hal_rcc.o
                0x080074b0                HAL_RCC_GetSysClockFreq
 .text.HAL_RCC_GetHCLKFreq
                0x08007574       0x18 ./Drivers/STM32G4xx_HAL_Driver/Src/stm32g4xx_hal_rcc.o
                0x08007574                HAL_RCC_GetHCLKFreq
 .text.HAL_RCC_GetPCLK1Freq
                0x0800758c       0x2c ./Drivers/STM32G4xx_HAL_Driver/Src/stm32g4xx_hal_rcc.o
                0x0800758c                HAL_RCC_GetPCLK1Freq
 .text.HAL_RCC_GetPCLK2Freq
                0x080075b8       0x2c ./Drivers/STM32G4xx_HAL_Driver/Src/stm32g4xx_hal_rcc.o
                0x080075b8                HAL_RCC_GetPCLK2Freq
 .text.HAL_RCC_GetClockConfig
                0x080075e4       0x64 ./Drivers/STM32G4xx_HAL_Driver/Src/stm32g4xx_hal_rcc.o
                0x080075e4                HAL_RCC_GetClockConfig
 .text.RCC_GetSysClockFreqFromPLLSource
                0x08007648       0x8c ./Drivers/STM32G4xx_HAL_Driver/Src/stm32g4xx_hal_rcc.o
 .text.HAL_RCCEx_PeriphCLKConfig
                0x080076d4      0x478 ./Drivers/STM32G4xx_HAL_Driver/Src/stm32g4xx_hal_rcc_ex.o
                0x080076d4                HAL_RCCEx_PeriphCLKConfig
 .text.HAL_TIM_Base_Init
                0x08007b4c       0xae ./Drivers/STM32G4xx_HAL_Driver/Src/stm32g4xx_hal_tim.o
                0x08007b4c                HAL_TIM_Base_Init
 .text.HAL_TIM_Base_MspInit
                0x08007bfa       0x14 ./Drivers/STM32G4xx_HAL_Driver/Src/stm32g4xx_hal_tim.o
                0x08007bfa                HAL_TIM_Base_MspInit
 *fill*         0x08007c0e        0x2 
 .text.HAL_TIM_Base_Start_IT
                0x08007c10       0xe0 ./Drivers/STM32G4xx_HAL_Driver/Src/stm32g4xx_hal_tim.o
                0x08007c10                HAL_TIM_Base_Start_IT
 .text.HAL_TIM_IRQHandler
                0x08007cf0      0x29e ./Drivers/STM32G4xx_HAL_Driver/Src/stm32g4xx_hal_tim.o
                0x08007cf0                HAL_TIM_IRQHandler
 .text.HAL_TIM_OC_DelayElapsedCallback
                0x08007f8e       0x14 ./Drivers/STM32G4xx_HAL_Driver/Src/stm32g4xx_hal_tim.o
                0x08007f8e                HAL_TIM_OC_DelayElapsedCallback
 .text.HAL_TIM_IC_CaptureCallback
                0x08007fa2       0x14 ./Drivers/STM32G4xx_HAL_Driver/Src/stm32g4xx_hal_tim.o
                0x08007fa2                HAL_TIM_IC_CaptureCallback
 .text.HAL_TIM_PWM_PulseFinishedCallback
                0x08007fb6       0x14 ./Drivers/STM32G4xx_HAL_Driver/Src/stm32g4xx_hal_tim.o
                0x08007fb6                HAL_TIM_PWM_PulseFinishedCallback
 .text.HAL_TIM_TriggerCallback
                0x08007fca       0x14 ./Drivers/STM32G4xx_HAL_Driver/Src/stm32g4xx_hal_tim.o
                0x08007fca                HAL_TIM_TriggerCallback
 *fill*         0x08007fde        0x2 
 .text.TIM_Base_SetConfig
                0x08007fe0      0x154 ./Drivers/STM32G4xx_HAL_Driver/Src/stm32g4xx_hal_tim.o
                0x08007fe0                TIM_Base_SetConfig
 .text.HAL_TIMEx_CommutCallback
                0x08008134       0x14 ./Drivers/STM32G4xx_HAL_Driver/Src/stm32g4xx_hal_tim_ex.o
                0x08008134                HAL_TIMEx_CommutCallback
 .text.HAL_TIMEx_BreakCallback
                0x08008148       0x14 ./Drivers/STM32G4xx_HAL_Driver/Src/stm32g4xx_hal_tim_ex.o
                0x08008148                HAL_TIMEx_BreakCallback
 .text.HAL_TIMEx_Break2Callback
                0x0800815c       0x14 ./Drivers/STM32G4xx_HAL_Driver/Src/stm32g4xx_hal_tim_ex.o
                0x0800815c                HAL_TIMEx_Break2Callback
 .text.HAL_TIMEx_EncoderIndexCallback
                0x08008170       0x14 ./Drivers/STM32G4xx_HAL_Driver/Src/stm32g4xx_hal_tim_ex.o
                0x08008170                HAL_TIMEx_EncoderIndexCallback
 .text.HAL_TIMEx_DirectionChangeCallback
                0x08008184       0x14 ./Drivers/STM32G4xx_HAL_Driver/Src/stm32g4xx_hal_tim_ex.o
                0x08008184                HAL_TIMEx_DirectionChangeCallback
 .text.HAL_TIMEx_IndexErrorCallback
                0x08008198       0x14 ./Drivers/STM32G4xx_HAL_Driver/Src/stm32g4xx_hal_tim_ex.o
                0x08008198                HAL_TIMEx_IndexErrorCallback
 .text.HAL_TIMEx_TransitionErrorCallback
                0x080081ac       0x14 ./Drivers/STM32G4xx_HAL_Driver/Src/stm32g4xx_hal_tim_ex.o
                0x080081ac                HAL_TIMEx_TransitionErrorCallback
 .text.HAL_UART_Init
                0x080081c0       0xa0 ./Drivers/STM32G4xx_HAL_Driver/Src/stm32g4xx_hal_uart.o
                0x080081c0                HAL_UART_Init
 .text.UART_SetConfig
                0x08008260      0x5f8 ./Drivers/STM32G4xx_HAL_Driver/Src/stm32g4xx_hal_uart.o
                0x08008260                UART_SetConfig
 .text.UART_AdvFeatureConfig
                0x08008858      0x144 ./Drivers/STM32G4xx_HAL_Driver/Src/stm32g4xx_hal_uart.o
                0x08008858                UART_AdvFeatureConfig
 .text.UART_CheckIdleState
                0x0800899c      0x154 ./Drivers/STM32G4xx_HAL_Driver/Src/stm32g4xx_hal_uart.o
                0x0800899c                UART_CheckIdleState
 .text.UART_WaitOnFlagUntilTimeout
                0x08008af0       0xda ./Drivers/STM32G4xx_HAL_Driver/Src/stm32g4xx_hal_uart.o
                0x08008af0                UART_WaitOnFlagUntilTimeout
 .text.UART_EndRxTransfer
                0x08008bca       0xcc ./Drivers/STM32G4xx_HAL_Driver/Src/stm32g4xx_hal_uart.o
 .text.HAL_UARTEx_DisableFifoMode
                0x08008c96       0x72 ./Drivers/STM32G4xx_HAL_Driver/Src/stm32g4xx_hal_uart_ex.o
                0x08008c96                HAL_UARTEx_DisableFifoMode
 .text.HAL_UARTEx_SetTxFifoThreshold
                0x08008d08       0x7c ./Drivers/STM32G4xx_HAL_Driver/Src/stm32g4xx_hal_uart_ex.o
                0x08008d08                HAL_UARTEx_SetTxFifoThreshold
 .text.HAL_UARTEx_SetRxFifoThreshold
                0x08008d84       0x7c ./Drivers/STM32G4xx_HAL_Driver/Src/stm32g4xx_hal_uart_ex.o
                0x08008d84                HAL_UARTEx_SetRxFifoThreshold
 .text.UARTEx_SetNbDataToProcess
                0x08008e00       0x9c ./Drivers/STM32G4xx_HAL_Driver/Src/stm32g4xx_hal_uart_ex.o
 .text.USB_EnableGlobalInt
                0x08008e9c       0x2e ./Drivers/STM32G4xx_HAL_Driver/Src/stm32g4xx_ll_usb.o
                0x08008e9c                USB_EnableGlobalInt
 .text.USB_DisableGlobalInt
                0x08008eca       0x36 ./Drivers/STM32G4xx_HAL_Driver/Src/stm32g4xx_ll_usb.o
                0x08008eca                USB_DisableGlobalInt
 .text.USB_DevInit
                0x08008f00       0x3c ./Drivers/STM32G4xx_HAL_Driver/Src/stm32g4xx_ll_usb.o
                0x08008f00                USB_DevInit
 .text.USB_ActivateEndpoint
                0x08008f3c      0x9d0 ./Drivers/STM32G4xx_HAL_Driver/Src/stm32g4xx_ll_usb.o
                0x08008f3c                USB_ActivateEndpoint
 .text.USB_DeactivateEndpoint
                0x0800990c      0x3da ./Drivers/STM32G4xx_HAL_Driver/Src/stm32g4xx_ll_usb.o
                0x0800990c                USB_DeactivateEndpoint
 .text.USB_EPStartXfer
                0x08009ce6      0xb5e ./Drivers/STM32G4xx_HAL_Driver/Src/stm32g4xx_ll_usb.o
                0x08009ce6                USB_EPStartXfer
 .text.USB_EPSetStall
                0x0800a844       0xa2 ./Drivers/STM32G4xx_HAL_Driver/Src/stm32g4xx_ll_usb.o
                0x0800a844                USB_EPSetStall
 .text.USB_EPClearStall
                0x0800a8e6      0x152 ./Drivers/STM32G4xx_HAL_Driver/Src/stm32g4xx_ll_usb.o
                0x0800a8e6                USB_EPClearStall
 .text.USB_SetDevAddress
                0x0800aa38       0x28 ./Drivers/STM32G4xx_HAL_Driver/Src/stm32g4xx_ll_usb.o
                0x0800aa38                USB_SetDevAddress
 .text.USB_DevConnect
                0x0800aa60       0x2e ./Drivers/STM32G4xx_HAL_Driver/Src/stm32g4xx_ll_usb.o
                0x0800aa60                USB_DevConnect
 .text.USB_ReadInterrupts
                0x0800aa8e       0x20 ./Drivers/STM32G4xx_HAL_Driver/Src/stm32g4xx_ll_usb.o
                0x0800aa8e                USB_ReadInterrupts
 .text.USB_WritePMA
                0x0800aaae       0x84 ./Drivers/STM32G4xx_HAL_Driver/Src/stm32g4xx_ll_usb.o
                0x0800aaae                USB_WritePMA
 .text.USB_ReadPMA
                0x0800ab32       0x98 ./Drivers/STM32G4xx_HAL_Driver/Src/stm32g4xx_ll_usb.o
                0x0800ab32                USB_ReadPMA
 .text.USBD_CDC_Init
                0x0800abca       0xfe ./Middlewares/ST/STM32_USB_Device_Library/Class/CDC/Src/usbd_cdc.o
 .text.USBD_CDC_DeInit
                0x0800acc8       0x74 ./Middlewares/ST/STM32_USB_Device_Library/Class/CDC/Src/usbd_cdc.o
 .text.USBD_CDC_Setup
                0x0800ad3c      0x190 ./Middlewares/ST/STM32_USB_Device_Library/Class/CDC/Src/usbd_cdc.o
 .text.USBD_CDC_DataIn
                0x0800aecc       0xca ./Middlewares/ST/STM32_USB_Device_Library/Class/CDC/Src/usbd_cdc.o
 .text.USBD_CDC_DataOut
                0x0800af96       0x56 ./Middlewares/ST/STM32_USB_Device_Library/Class/CDC/Src/usbd_cdc.o
 .text.USBD_CDC_EP0_RxReady
                0x0800afec       0x58 ./Middlewares/ST/STM32_USB_Device_Library/Class/CDC/Src/usbd_cdc.o
 .text.USBD_CDC_GetFSCfgDesc
                0x0800b044       0x20 ./Middlewares/ST/STM32_USB_Device_Library/Class/CDC/Src/usbd_cdc.o
 .text.USBD_CDC_GetHSCfgDesc
                0x0800b064       0x20 ./Middlewares/ST/STM32_USB_Device_Library/Class/CDC/Src/usbd_cdc.o
 .text.USBD_CDC_GetOtherSpeedCfgDesc
                0x0800b084       0x20 ./Middlewares/ST/STM32_USB_Device_Library/Class/CDC/Src/usbd_cdc.o
 .text.USBD_CDC_GetDeviceQualifierDescriptor
                0x0800b0a4       0x20 ./Middlewares/ST/STM32_USB_Device_Library/Class/CDC/Src/usbd_cdc.o
                0x0800b0a4                USBD_CDC_GetDeviceQualifierDescriptor
 .text.USBD_CDC_RegisterInterface
                0x0800b0c4       0x2a ./Middlewares/ST/STM32_USB_Device_Library/Class/CDC/Src/usbd_cdc.o
                0x0800b0c4                USBD_CDC_RegisterInterface
 .text.USBD_CDC_SetTxBuffer
                0x0800b0ee       0x3c ./Middlewares/ST/STM32_USB_Device_Library/Class/CDC/Src/usbd_cdc.o
                0x0800b0ee                USBD_CDC_SetTxBuffer
 .text.USBD_CDC_SetRxBuffer
                0x0800b12a       0x32 ./Middlewares/ST/STM32_USB_Device_Library/Class/CDC/Src/usbd_cdc.o
                0x0800b12a                USBD_CDC_SetRxBuffer
 .text.USBD_CDC_TransmitPacket
                0x0800b15c       0x60 ./Middlewares/ST/STM32_USB_Device_Library/Class/CDC/Src/usbd_cdc.o
                0x0800b15c                USBD_CDC_TransmitPacket
 .text.USBD_CDC_ReceivePacket
                0x0800b1bc       0x54 ./Middlewares/ST/STM32_USB_Device_Library/Class/CDC/Src/usbd_cdc.o
                0x0800b1bc                USBD_CDC_ReceivePacket
 .text.USBD_Init
                0x0800b210       0x60 ./Middlewares/ST/STM32_USB_Device_Library/Core/Src/usbd_core.o
                0x0800b210                USBD_Init
 .text.USBD_RegisterClass
                0x0800b270       0x4e ./Middlewares/ST/STM32_USB_Device_Library/Core/Src/usbd_core.o
                0x0800b270                USBD_RegisterClass
 .text.USBD_Start
                0x0800b2be       0x18 ./Middlewares/ST/STM32_USB_Device_Library/Core/Src/usbd_core.o
                0x0800b2be                USBD_Start
 .text.USBD_RunTestMode
                0x0800b2d6       0x16 ./Middlewares/ST/STM32_USB_Device_Library/Core/Src/usbd_core.o
                0x0800b2d6                USBD_RunTestMode
 .text.USBD_SetClassConfig
                0x0800b2ec       0x38 ./Middlewares/ST/STM32_USB_Device_Library/Core/Src/usbd_core.o
                0x0800b2ec                USBD_SetClassConfig
 .text.USBD_ClrClassConfig
                0x0800b324       0x30 ./Middlewares/ST/STM32_USB_Device_Library/Core/Src/usbd_core.o
                0x0800b324                USBD_ClrClassConfig
 .text.USBD_LL_SetupStage
                0x0800b354       0xaa ./Middlewares/ST/STM32_USB_Device_Library/Core/Src/usbd_core.o
                0x0800b354                USBD_LL_SetupStage
 .text.USBD_LL_DataOutStage
                0x0800b3fe       0xc6 ./Middlewares/ST/STM32_USB_Device_Library/Core/Src/usbd_core.o
                0x0800b3fe                USBD_LL_DataOutStage
 .text.USBD_LL_DataInStage
                0x0800b4c4      0x12c ./Middlewares/ST/STM32_USB_Device_Library/Core/Src/usbd_core.o
                0x0800b4c4                USBD_LL_DataInStage
 .text.USBD_LL_Reset
                0x0800b5f0       0x9c ./Middlewares/ST/STM32_USB_Device_Library/Core/Src/usbd_core.o
                0x0800b5f0                USBD_LL_Reset
 .text.USBD_LL_SetSpeed
                0x0800b68c       0x20 ./Middlewares/ST/STM32_USB_Device_Library/Core/Src/usbd_core.o
                0x0800b68c                USBD_LL_SetSpeed
 .text.USBD_LL_Suspend
                0x0800b6ac       0x2c ./Middlewares/ST/STM32_USB_Device_Library/Core/Src/usbd_core.o
                0x0800b6ac                USBD_LL_Suspend
 .text.USBD_LL_Resume
                0x0800b6d8       0x30 ./Middlewares/ST/STM32_USB_Device_Library/Core/Src/usbd_core.o
                0x0800b6d8                USBD_LL_Resume
 .text.USBD_LL_SOF
                0x0800b708       0x44 ./Middlewares/ST/STM32_USB_Device_Library/Core/Src/usbd_core.o
                0x0800b708                USBD_LL_SOF
 .text.SWAPBYTE
                0x0800b74c       0x3c ./Middlewares/ST/STM32_USB_Device_Library/Core/Src/usbd_ctlreq.o
 .text.USBD_StdDevReq
                0x0800b788       0xdc ./Middlewares/ST/STM32_USB_Device_Library/Core/Src/usbd_ctlreq.o
                0x0800b788                USBD_StdDevReq
 .text.USBD_StdItfReq
                0x0800b864       0x92 ./Middlewares/ST/STM32_USB_Device_Library/Core/Src/usbd_ctlreq.o
                0x0800b864                USBD_StdItfReq
 .text.USBD_StdEPReq
                0x0800b8f6      0x2c4 ./Middlewares/ST/STM32_USB_Device_Library/Core/Src/usbd_ctlreq.o
                0x0800b8f6                USBD_StdEPReq
 *fill*         0x0800bbba        0x2 
 .text.USBD_GetDescriptor
                0x0800bbbc      0x328 ./Middlewares/ST/STM32_USB_Device_Library/Core/Src/usbd_ctlreq.o
 .text.USBD_SetAddress
                0x0800bee4       0x88 ./Middlewares/ST/STM32_USB_Device_Library/Core/Src/usbd_ctlreq.o
 .text.USBD_SetConfig
                0x0800bf6c      0x14c ./Middlewares/ST/STM32_USB_Device_Library/Core/Src/usbd_ctlreq.o
 .text.USBD_GetConfig
                0x0800c0b8       0x6c ./Middlewares/ST/STM32_USB_Device_Library/Core/Src/usbd_ctlreq.o
 .text.USBD_GetStatus
                0x0800c124       0x68 ./Middlewares/ST/STM32_USB_Device_Library/Core/Src/usbd_ctlreq.o
 .text.USBD_SetFeature
                0x0800c18c       0x28 ./Middlewares/ST/STM32_USB_Device_Library/Core/Src/usbd_ctlreq.o
 .text.USBD_ClrFeature
                0x0800c1b4       0x44 ./Middlewares/ST/STM32_USB_Device_Library/Core/Src/usbd_ctlreq.o
 .text.USBD_ParseSetupRequest
                0x0800c1f8       0x74 ./Middlewares/ST/STM32_USB_Device_Library/Core/Src/usbd_ctlreq.o
                0x0800c1f8                USBD_ParseSetupRequest
 .text.USBD_CtlError
                0x0800c26c       0x22 ./Middlewares/ST/STM32_USB_Device_Library/Core/Src/usbd_ctlreq.o
                0x0800c26c                USBD_CtlError
 .text.USBD_GetString
                0x0800c28e       0x8c ./Middlewares/ST/STM32_USB_Device_Library/Core/Src/usbd_ctlreq.o
                0x0800c28e                USBD_GetString
 .text.USBD_GetLen
                0x0800c31a       0x34 ./Middlewares/ST/STM32_USB_Device_Library/Core/Src/usbd_ctlreq.o
 .text.USBD_CtlSendData
                0x0800c34e       0x36 ./Middlewares/ST/STM32_USB_Device_Library/Core/Src/usbd_ioreq.o
                0x0800c34e                USBD_CtlSendData
 .text.USBD_CtlContinueSendData
                0x0800c384       0x22 ./Middlewares/ST/STM32_USB_Device_Library/Core/Src/usbd_ioreq.o
                0x0800c384                USBD_CtlContinueSendData
 .text.USBD_CtlPrepareRx
                0x0800c3a6       0x3a ./Middlewares/ST/STM32_USB_Device_Library/Core/Src/usbd_ioreq.o
                0x0800c3a6                USBD_CtlPrepareRx
 .text.USBD_CtlContinueRx
                0x0800c3e0       0x22 ./Middlewares/ST/STM32_USB_Device_Library/Core/Src/usbd_ioreq.o
                0x0800c3e0                USBD_CtlContinueRx
 .text.USBD_CtlSendStatus
                0x0800c402       0x26 ./Middlewares/ST/STM32_USB_Device_Library/Core/Src/usbd_ioreq.o
                0x0800c402                USBD_CtlSendStatus
 .text.USBD_CtlReceiveStatus
                0x0800c428       0x26 ./Middlewares/ST/STM32_USB_Device_Library/Core/Src/usbd_ioreq.o
                0x0800c428                USBD_CtlReceiveStatus
 *fill*         0x0800c44e        0x2 
 .text.__NVIC_SetPriority
                0x0800c450       0x54 ./Middlewares/Third_Party/FreeRTOS/Source/CMSIS_RTOS_V2/cmsis_os2.o
 .text.SysTick_Handler
                0x0800c4a4       0x20 ./Middlewares/Third_Party/FreeRTOS/Source/CMSIS_RTOS_V2/cmsis_os2.o
                0x0800c4a4                SysTick_Handler
 .text.SVC_Setup
                0x0800c4c4       0x12 ./Middlewares/Third_Party/FreeRTOS/Source/CMSIS_RTOS_V2/cmsis_os2.o
 *fill*         0x0800c4d6        0x2 
 .text.osKernelInitialize
                0x0800c4d8       0x48 ./Middlewares/Third_Party/FreeRTOS/Source/CMSIS_RTOS_V2/cmsis_os2.o
                0x0800c4d8                osKernelInitialize
 .text.osKernelStart
                0x0800c520       0x4c ./Middlewares/Third_Party/FreeRTOS/Source/CMSIS_RTOS_V2/cmsis_os2.o
                0x0800c520                osKernelStart
 .text.osThreadNew
                0x0800c56c      0x126 ./Middlewares/Third_Party/FreeRTOS/Source/CMSIS_RTOS_V2/cmsis_os2.o
                0x0800c56c                osThreadNew
 .text.osDelay  0x0800c692       0x36 ./Middlewares/Third_Party/FreeRTOS/Source/CMSIS_RTOS_V2/cmsis_os2.o
                0x0800c692                osDelay
 .text.osMessageQueueNew
                0x0800c6c8       0xe6 ./Middlewares/Third_Party/FreeRTOS/Source/CMSIS_RTOS_V2/cmsis_os2.o
                0x0800c6c8                osMessageQueueNew
 *fill*         0x0800c7ae        0x2 
 .text.osMessageQueuePut
                0x0800c7b0       0xc0 ./Middlewares/Third_Party/FreeRTOS/Source/CMSIS_RTOS_V2/cmsis_os2.o
                0x0800c7b0                osMessageQueuePut
 .text.osMessageQueueGet
                0x0800c870       0xbc ./Middlewares/Third_Party/FreeRTOS/Source/CMSIS_RTOS_V2/cmsis_os2.o
                0x0800c870                osMessageQueueGet
 .text.vApplicationGetIdleTaskMemory
                0x0800c92c       0x34 ./Middlewares/Third_Party/FreeRTOS/Source/CMSIS_RTOS_V2/cmsis_os2.o
                0x0800c92c                vApplicationGetIdleTaskMemory
 .text.vApplicationGetTimerTaskMemory
                0x0800c960       0x34 ./Middlewares/Third_Party/FreeRTOS/Source/CMSIS_RTOS_V2/cmsis_os2.o
                0x0800c960                vApplicationGetTimerTaskMemory
 .text.vListInitialise
                0x0800c994       0x40 ./Middlewares/Third_Party/FreeRTOS/Source/list.o
                0x0800c994                vListInitialise
 .text.vListInitialiseItem
                0x0800c9d4       0x1a ./Middlewares/Third_Party/FreeRTOS/Source/list.o
                0x0800c9d4                vListInitialiseItem
 .text.vListInsertEnd
                0x0800c9ee       0x48 ./Middlewares/Third_Party/FreeRTOS/Source/list.o
                0x0800c9ee                vListInsertEnd
 .text.vListInsert
                0x0800ca36       0x72 ./Middlewares/Third_Party/FreeRTOS/Source/list.o
                0x0800ca36                vListInsert
 .text.uxListRemove
                0x0800caa8       0x54 ./Middlewares/Third_Party/FreeRTOS/Source/list.o
                0x0800caa8                uxListRemove
 .text.xQueueGenericReset
                0x0800cafc       0xd4 ./Middlewares/Third_Party/FreeRTOS/Source/queue.o
                0x0800cafc                xQueueGenericReset
 .text.xQueueGenericCreateStatic
                0x0800cbd0       0xfa ./Middlewares/Third_Party/FreeRTOS/Source/queue.o
                0x0800cbd0                xQueueGenericCreateStatic
 .text.xQueueGenericCreate
                0x0800ccca       0x76 ./Middlewares/Third_Party/FreeRTOS/Source/queue.o
                0x0800ccca                xQueueGenericCreate
 .text.prvInitialiseNewQueue
                0x0800cd40       0x46 ./Middlewares/Third_Party/FreeRTOS/Source/queue.o
 *fill*         0x0800cd86        0x2 
 .text.xQueueGenericSend
                0x0800cd88      0x204 ./Middlewares/Third_Party/FreeRTOS/Source/queue.o
                0x0800cd88                xQueueGenericSend
 .text.xQueueGenericSendFromISR
                0x0800cf8c      0x13c ./Middlewares/Third_Party/FreeRTOS/Source/queue.o
                0x0800cf8c                xQueueGenericSendFromISR
 .text.xQueueReceive
                0x0800d0c8      0x1c4 ./Middlewares/Third_Party/FreeRTOS/Source/queue.o
                0x0800d0c8                xQueueReceive
 .text.xQueueReceiveFromISR
                0x0800d28c      0x104 ./Middlewares/Third_Party/FreeRTOS/Source/queue.o
                0x0800d28c                xQueueReceiveFromISR
 .text.prvCopyDataToQueue
                0x0800d390       0xd4 ./Middlewares/Third_Party/FreeRTOS/Source/queue.o
 .text.prvCopyDataFromQueue
                0x0800d464       0x4c ./Middlewares/Third_Party/FreeRTOS/Source/queue.o
 .text.prvUnlockQueue
                0x0800d4b0       0xa4 ./Middlewares/Third_Party/FreeRTOS/Source/queue.o
 .text.prvIsQueueEmpty
                0x0800d554       0x2c ./Middlewares/Third_Party/FreeRTOS/Source/queue.o
 .text.prvIsQueueFull
                0x0800d580       0x30 ./Middlewares/Third_Party/FreeRTOS/Source/queue.o
 .text.vQueueAddToRegistry
                0x0800d5b0       0x54 ./Middlewares/Third_Party/FreeRTOS/Source/queue.o
                0x0800d5b0                vQueueAddToRegistry
 .text.vQueueWaitForMessageRestricted
                0x0800d604       0x68 ./Middlewares/Third_Party/FreeRTOS/Source/queue.o
                0x0800d604                vQueueWaitForMessageRestricted
 .text.xTaskCreateStatic
                0x0800d66c       0xc0 ./Middlewares/Third_Party/FreeRTOS/Source/tasks.o
                0x0800d66c                xTaskCreateStatic
 .text.xTaskCreate
                0x0800d72c       0x8a ./Middlewares/Third_Party/FreeRTOS/Source/tasks.o
                0x0800d72c                xTaskCreate
 *fill*         0x0800d7b6        0x2 
 .text.prvInitialiseNewTask
                0x0800d7b8      0x150 ./Middlewares/Third_Party/FreeRTOS/Source/tasks.o
 .text.prvAddNewTaskToReadyList
                0x0800d908       0xe0 ./Middlewares/Third_Party/FreeRTOS/Source/tasks.o
 .text.vTaskDelay
                0x0800d9e8       0x6c ./Middlewares/Third_Party/FreeRTOS/Source/tasks.o
                0x0800d9e8                vTaskDelay
 .text.vTaskStartScheduler
                0x0800da54       0xe0 ./Middlewares/Third_Party/FreeRTOS/Source/tasks.o
                0x0800da54                vTaskStartScheduler
 .text.vTaskSuspendAll
                0x0800db34       0x1c ./Middlewares/Third_Party/FreeRTOS/Source/tasks.o
                0x0800db34                vTaskSuspendAll
 .text.xTaskResumeAll
                0x0800db50      0x13c ./Middlewares/Third_Party/FreeRTOS/Source/tasks.o
                0x0800db50                xTaskResumeAll
 .text.xTaskGetTickCount
                0x0800dc8c       0x20 ./Middlewares/Third_Party/FreeRTOS/Source/tasks.o
                0x0800dc8c                xTaskGetTickCount
 .text.xTaskIncrementTick
                0x0800dcac      0x174 ./Middlewares/Third_Party/FreeRTOS/Source/tasks.o
                0x0800dcac                xTaskIncrementTick
 .text.vTaskSwitchContext
                0x0800de20       0xcc ./Middlewares/Third_Party/FreeRTOS/Source/tasks.o
                0x0800de20                vTaskSwitchContext
 .text.vTaskPlaceOnEventList
                0x0800deec       0x4c ./Middlewares/Third_Party/FreeRTOS/Source/tasks.o
                0x0800deec                vTaskPlaceOnEventList
 .text.vTaskPlaceOnEventListRestricted
                0x0800df38       0x58 ./Middlewares/Third_Party/FreeRTOS/Source/tasks.o
                0x0800df38                vTaskPlaceOnEventListRestricted
 .text.xTaskRemoveFromEventList
                0x0800df90       0xc8 ./Middlewares/Third_Party/FreeRTOS/Source/tasks.o
                0x0800df90                xTaskRemoveFromEventList
 .text.vTaskInternalSetTimeOutState
                0x0800e058       0x2c ./Middlewares/Third_Party/FreeRTOS/Source/tasks.o
                0x0800e058                vTaskInternalSetTimeOutState
 .text.xTaskCheckForTimeOut
                0x0800e084       0xc8 ./Middlewares/Third_Party/FreeRTOS/Source/tasks.o
                0x0800e084                xTaskCheckForTimeOut
 .text.vTaskMissedYield
                0x0800e14c       0x18 ./Middlewares/Third_Party/FreeRTOS/Source/tasks.o
                0x0800e14c                vTaskMissedYield
 .text.prvIdleTask
                0x0800e164       0x30 ./Middlewares/Third_Party/FreeRTOS/Source/tasks.o
 .text.prvInitialiseTaskLists
                0x0800e194       0x80 ./Middlewares/Third_Party/FreeRTOS/Source/tasks.o
 .text.prvCheckTasksWaitingTermination
                0x0800e214       0x5c ./Middlewares/Third_Party/FreeRTOS/Source/tasks.o
 .text.prvDeleteTCB
                0x0800e270       0x6a ./Middlewares/Third_Party/FreeRTOS/Source/tasks.o
 *fill*         0x0800e2da        0x2 
 .text.prvResetNextTaskUnblockTime
                0x0800e2dc       0x40 ./Middlewares/Third_Party/FreeRTOS/Source/tasks.o
 .text.xTaskGetSchedulerState
                0x0800e31c       0x3c ./Middlewares/Third_Party/FreeRTOS/Source/tasks.o
                0x0800e31c                xTaskGetSchedulerState
 .text.xTaskPriorityDisinherit
                0x0800e358       0xe0 ./Middlewares/Third_Party/FreeRTOS/Source/tasks.o
                0x0800e358                xTaskPriorityDisinherit
 .text.prvAddCurrentTaskToDelayedList
                0x0800e438       0xa8 ./Middlewares/Third_Party/FreeRTOS/Source/tasks.o
 .text.xTimerCreateTimerTask
                0x0800e4e0       0x94 ./Middlewares/Third_Party/FreeRTOS/Source/timers.o
                0x0800e4e0                xTimerCreateTimerTask
 .text.xTimerGenericCommand
                0x0800e574       0x9c ./Middlewares/Third_Party/FreeRTOS/Source/timers.o
                0x0800e574                xTimerGenericCommand
 .text.prvProcessExpiredTimer
                0x0800e610       0x9c ./Middlewares/Third_Party/FreeRTOS/Source/timers.o
 .text.prvTimerTask
                0x0800e6ac       0x26 ./Middlewares/Third_Party/FreeRTOS/Source/timers.o
 *fill*         0x0800e6d2        0x2 
 .text.prvProcessTimerOrBlockTask
                0x0800e6d4       0x9c ./Middlewares/Third_Party/FreeRTOS/Source/timers.o
 .text.prvGetNextExpireTime
                0x0800e770       0x48 ./Middlewares/Third_Party/FreeRTOS/Source/timers.o
 .text.prvSampleTimeNow
                0x0800e7b8       0x40 ./Middlewares/Third_Party/FreeRTOS/Source/timers.o
 .text.prvInsertTimerInActiveList
                0x0800e7f8       0x84 ./Middlewares/Third_Party/FreeRTOS/Source/timers.o
 .text.prvProcessReceivedCommands
                0x0800e87c      0x1cc ./Middlewares/Third_Party/FreeRTOS/Source/timers.o
 .text.prvSwitchTimerLists
                0x0800ea48       0xcc ./Middlewares/Third_Party/FreeRTOS/Source/timers.o
 .text.prvCheckForValidListAndQueue
                0x0800eb14       0x80 ./Middlewares/Third_Party/FreeRTOS/Source/timers.o
 .text.pxPortInitialiseStack
                0x0800eb94       0x68 ./Middlewares/Third_Party/FreeRTOS/Source/portable/GCC/ARM_CM4F/port.o
                0x0800eb94                pxPortInitialiseStack
 .text.prvTaskExitError
                0x0800ebfc       0x5c ./Middlewares/Third_Party/FreeRTOS/Source/portable/GCC/ARM_CM4F/port.o
 *fill*         0x0800ec58        0x8 
 .text.SVC_Handler
                0x0800ec60       0x28 ./Middlewares/Third_Party/FreeRTOS/Source/portable/GCC/ARM_CM4F/port.o
                0x0800ec60                SVC_Handler
 .text.prvPortStartFirstTask
                0x0800ec88       0x28 ./Middlewares/Third_Party/FreeRTOS/Source/portable/GCC/ARM_CM4F/port.o
 .text.xPortStartScheduler
                0x0800ecb0      0x148 ./Middlewares/Third_Party/FreeRTOS/Source/portable/GCC/ARM_CM4F/port.o
                0x0800ecb0                xPortStartScheduler
 .text.vPortEnterCritical
                0x0800edf8       0x64 ./Middlewares/Third_Party/FreeRTOS/Source/portable/GCC/ARM_CM4F/port.o
                0x0800edf8                vPortEnterCritical
 .text.vPortExitCritical
                0x0800ee5c       0x54 ./Middlewares/Third_Party/FreeRTOS/Source/portable/GCC/ARM_CM4F/port.o
                0x0800ee5c                vPortExitCritical
 .text.PendSV_Handler
                0x0800eeb0       0x68 ./Middlewares/Third_Party/FreeRTOS/Source/portable/GCC/ARM_CM4F/port.o
                0x0800eeb0                PendSV_Handler
 .text.xPortSysTickHandler
                0x0800ef18       0x44 ./Middlewares/Third_Party/FreeRTOS/Source/portable/GCC/ARM_CM4F/port.o
                0x0800ef18                xPortSysTickHandler
 .text.vPortSetupTimerInterrupt
                0x0800ef5c       0x48 ./Middlewares/Third_Party/FreeRTOS/Source/portable/GCC/ARM_CM4F/port.o
                0x0800ef5c                vPortSetupTimerInterrupt
 .text.vPortEnableVFP
                0x0800efa4       0x14 ./Middlewares/Third_Party/FreeRTOS/Source/portable/GCC/ARM_CM4F/port.o
 .text.vPortValidateInterruptPriority
                0x0800efb8       0x84 ./Middlewares/Third_Party/FreeRTOS/Source/portable/GCC/ARM_CM4F/port.o
                0x0800efb8                vPortValidateInterruptPriority
 .text.pvPortMalloc
                0x0800f03c      0x19c ./Middlewares/Third_Party/FreeRTOS/Source/portable/MemMang/heap_4.o
                0x0800f03c                pvPortMalloc
 .text.vPortFree
                0x0800f1d8       0xc8 ./Middlewares/Third_Party/FreeRTOS/Source/portable/MemMang/heap_4.o
                0x0800f1d8                vPortFree
 .text.prvHeapInit
                0x0800f2a0       0xc4 ./Middlewares/Third_Party/FreeRTOS/Source/portable/MemMang/heap_4.o
 .text.prvInsertBlockIntoFreeList
                0x0800f364       0xb4 ./Middlewares/Third_Party/FreeRTOS/Source/portable/MemMang/heap_4.o
 .text.MX_USB_Device_Init
                0x0800f418       0x60 ./USB_Device/App/usb_device.o
                0x0800f418                MX_USB_Device_Init
 .text.CDC_Init_FS
                0x0800f478       0x28 ./USB_Device/App/usbd_cdc_if.o
 .text.CDC_DeInit_FS
                0x0800f4a0       0x10 ./USB_Device/App/usbd_cdc_if.o
 .text.CDC_Control_FS
                0x0800f4b0       0xbc ./USB_Device/App/usbd_cdc_if.o
 .text.CDC_Receive_FS
                0x0800f56c       0x28 ./USB_Device/App/usbd_cdc_if.o
 .text.CDC_Transmit_FS
                0x0800f594       0x4c ./USB_Device/App/usbd_cdc_if.o
                0x0800f594                CDC_Transmit_FS
 .text.CDC_TransmitCplt_FS
                0x0800f5e0       0x22 ./USB_Device/App/usbd_cdc_if.o
 *fill*         0x0800f602        0x2 
 .text.USBD_CDC_DeviceDescriptor
                0x0800f604       0x24 ./USB_Device/App/usbd_desc.o
                0x0800f604                USBD_CDC_DeviceDescriptor
 .text.USBD_CDC_LangIDStrDescriptor
                0x0800f628       0x24 ./USB_Device/App/usbd_desc.o
                0x0800f628                USBD_CDC_LangIDStrDescriptor
 .text.USBD_CDC_ProductStrDescriptor
                0x0800f64c       0x3c ./USB_Device/App/usbd_desc.o
                0x0800f64c                USBD_CDC_ProductStrDescriptor
 .text.USBD_CDC_ManufacturerStrDescriptor
                0x0800f688       0x28 ./USB_Device/App/usbd_desc.o
                0x0800f688                USBD_CDC_ManufacturerStrDescriptor
 .text.USBD_CDC_SerialStrDescriptor
                0x0800f6b0       0x24 ./USB_Device/App/usbd_desc.o
                0x0800f6b0                USBD_CDC_SerialStrDescriptor
 .text.USBD_CDC_ConfigStrDescriptor
                0x0800f6d4       0x3c ./USB_Device/App/usbd_desc.o
                0x0800f6d4                USBD_CDC_ConfigStrDescriptor
 .text.USBD_CDC_InterfaceStrDescriptor
                0x0800f710       0x3c ./USB_Device/App/usbd_desc.o
                0x0800f710                USBD_CDC_InterfaceStrDescriptor
 .text.Get_SerialNum
                0x0800f74c       0x58 ./USB_Device/App/usbd_desc.o
 .text.IntToUnicode
                0x0800f7a4       0x7e ./USB_Device/App/usbd_desc.o
 *fill*         0x0800f822        0x2 
 .text.HAL_PCD_MspInit
                0x0800f824       0x78 ./USB_Device/Target/usbd_conf.o
                0x0800f824                HAL_PCD_MspInit
 .text.HAL_PCD_SetupStageCallback
                0x0800f89c       0x24 ./USB_Device/Target/usbd_conf.o
                0x0800f89c                HAL_PCD_SetupStageCallback
 .text.HAL_PCD_DataOutStageCallback
                0x0800f8c0       0x36 ./USB_Device/Target/usbd_conf.o
                0x0800f8c0                HAL_PCD_DataOutStageCallback
 .text.HAL_PCD_DataInStageCallback
                0x0800f8f6       0x34 ./USB_Device/Target/usbd_conf.o
                0x0800f8f6                HAL_PCD_DataInStageCallback
 .text.HAL_PCD_SOFCallback
                0x0800f92a       0x1c ./USB_Device/Target/usbd_conf.o
                0x0800f92a                HAL_PCD_SOFCallback
 .text.HAL_PCD_ResetCallback
                0x0800f946       0x3c ./USB_Device/Target/usbd_conf.o
                0x0800f946                HAL_PCD_ResetCallback
 *fill*         0x0800f982        0x2 
 .text.HAL_PCD_SuspendCallback
                0x0800f984       0x34 ./USB_Device/Target/usbd_conf.o
                0x0800f984                HAL_PCD_SuspendCallback
 .text.HAL_PCD_ResumeCallback
                0x0800f9b8       0x38 ./USB_Device/Target/usbd_conf.o
                0x0800f9b8                HAL_PCD_ResumeCallback
 .text.USBD_LL_Init
                0x0800f9f0       0xc0 ./USB_Device/Target/usbd_conf.o
                0x0800f9f0                USBD_LL_Init
 .text.USBD_LL_Start
                0x0800fab0       0x36 ./USB_Device/Target/usbd_conf.o
                0x0800fab0                USBD_LL_Start
 .text.USBD_LL_OpenEP
                0x0800fae6       0x4c ./USB_Device/Target/usbd_conf.o
                0x0800fae6                USBD_LL_OpenEP
 .text.USBD_LL_CloseEP
                0x0800fb32       0x3e ./USB_Device/Target/usbd_conf.o
                0x0800fb32                USBD_LL_CloseEP
 .text.USBD_LL_StallEP
                0x0800fb70       0x3e ./USB_Device/Target/usbd_conf.o
                0x0800fb70                USBD_LL_StallEP
 .text.USBD_LL_ClearStallEP
                0x0800fbae       0x3e ./USB_Device/Target/usbd_conf.o
                0x0800fbae                USBD_LL_ClearStallEP
 .text.USBD_LL_IsStallEP
                0x0800fbec       0x58 ./USB_Device/Target/usbd_conf.o
                0x0800fbec                USBD_LL_IsStallEP
 .text.USBD_LL_SetUSBAddress
                0x0800fc44       0x3e ./USB_Device/Target/usbd_conf.o
                0x0800fc44                USBD_LL_SetUSBAddress
 .text.USBD_LL_Transmit
                0x0800fc82       0x42 ./USB_Device/Target/usbd_conf.o
                0x0800fc82                USBD_LL_Transmit
 .text.USBD_LL_PrepareReceive
                0x0800fcc4       0x42 ./USB_Device/Target/usbd_conf.o
                0x0800fcc4                USBD_LL_PrepareReceive
 .text.USBD_LL_GetRxDataSize
                0x0800fd06       0x26 ./USB_Device/Target/usbd_conf.o
                0x0800fd06                USBD_LL_GetRxDataSize
 .text.HAL_PCDEx_LPM_Callback
                0x0800fd2c       0x6c ./USB_Device/Target/usbd_conf.o
                0x0800fd2c                HAL_PCDEx_LPM_Callback
 .text.USBD_static_malloc
                0x0800fd98       0x1c ./USB_Device/Target/usbd_conf.o
                0x0800fd98                USBD_static_malloc
 .text.USBD_static_free
                0x0800fdb4       0x14 ./USB_Device/Target/usbd_conf.o
                0x0800fdb4                USBD_static_free
 .text.SystemClockConfig_Resume
                0x0800fdc8        0xc ./USB_Device/Target/usbd_conf.o
 .text.USBD_Get_USB_Status
                0x0800fdd4       0x58 ./USB_Device/Target/usbd_conf.o
 .text.__cvt    0x0800fe2c       0xca /Applications/STM32CubeIDE.app/Contents/Eclipse/plugins/com.st.stm32cube.ide.mcu.externaltools.gnu-tools-for-stm32.12.3.rel1.macos64_1.1.0.202410301201/tools/bin/../lib/gcc/arm-none-eabi/12.3.1/../../../../arm-none-eabi/lib/thumb/v7e-m+fp/hard/libc_nano.a(libc_a-nano-vfprintf_float.o)
                0x0800fe2c                __cvt
 .text.__exponent
                0x0800fef6       0x74 /Applications/STM32CubeIDE.app/Contents/Eclipse/plugins/com.st.stm32cube.ide.mcu.externaltools.gnu-tools-for-stm32.12.3.rel1.macos64_1.1.0.202410301201/tools/bin/../lib/gcc/arm-none-eabi/12.3.1/../../../../arm-none-eabi/lib/thumb/v7e-m+fp/hard/libc_nano.a(libc_a-nano-vfprintf_float.o)
                0x0800fef6                __exponent
 *fill*         0x0800ff6a        0x2 
 .text._printf_float
                0x0800ff6c      0x454 /Applications/STM32CubeIDE.app/Contents/Eclipse/plugins/com.st.stm32cube.ide.mcu.externaltools.gnu-tools-for-stm32.12.3.rel1.macos64_1.1.0.202410301201/tools/bin/../lib/gcc/arm-none-eabi/12.3.1/../../../../arm-none-eabi/lib/thumb/v7e-m+fp/hard/libc_nano.a(libc_a-nano-vfprintf_float.o)
                0x0800ff6c                _printf_float
 .text._printf_common
                0x080103c0       0xda /Applications/STM32CubeIDE.app/Contents/Eclipse/plugins/com.st.stm32cube.ide.mcu.externaltools.gnu-tools-for-stm32.12.3.rel1.macos64_1.1.0.202410301201/tools/bin/../lib/gcc/arm-none-eabi/12.3.1/../../../../arm-none-eabi/lib/thumb/v7e-m+fp/hard/libc_nano.a(libc_a-nano-vfprintf_i.o)
                0x080103c0                _printf_common
 *fill*         0x0801049a        0x2 
 .text._printf_i
                0x0801049c      0x240 /Applications/STM32CubeIDE.app/Contents/Eclipse/plugins/com.st.stm32cube.ide.mcu.externaltools.gnu-tools-for-stm32.12.3.rel1.macos64_1.1.0.202410301201/tools/bin/../lib/gcc/arm-none-eabi/12.3.1/../../../../arm-none-eabi/lib/thumb/v7e-m+fp/hard/libc_nano.a(libc_a-nano-vfprintf_i.o)
                0x0801049c                _printf_i
 .text.std      0x080106dc       0x6c /Applications/STM32CubeIDE.app/Contents/Eclipse/plugins/com.st.stm32cube.ide.mcu.externaltools.gnu-tools-for-stm32.12.3.rel1.macos64_1.1.0.202410301201/tools/bin/../lib/gcc/arm-none-eabi/12.3.1/../../../../arm-none-eabi/lib/thumb/v7e-m+fp/hard/libc_nano.a(libc_a-findfp.o)
 .text.stdio_exit_handler
                0x08010748       0x18 /Applications/STM32CubeIDE.app/Contents/Eclipse/plugins/com.st.stm32cube.ide.mcu.externaltools.gnu-tools-for-stm32.12.3.rel1.macos64_1.1.0.202410301201/tools/bin/../lib/gcc/arm-none-eabi/12.3.1/../../../../arm-none-eabi/lib/thumb/v7e-m+fp/hard/libc_nano.a(libc_a-findfp.o)
 .text.cleanup_stdio
                0x08010760       0x40 /Applications/STM32CubeIDE.app/Contents/Eclipse/plugins/com.st.stm32cube.ide.mcu.externaltools.gnu-tools-for-stm32.12.3.rel1.macos64_1.1.0.202410301201/tools/bin/../lib/gcc/arm-none-eabi/12.3.1/../../../../arm-none-eabi/lib/thumb/v7e-m+fp/hard/libc_nano.a(libc_a-findfp.o)
 .text.global_stdio_init.part.0
                0x080107a0       0x3c /Applications/STM32CubeIDE.app/Contents/Eclipse/plugins/com.st.stm32cube.ide.mcu.externaltools.gnu-tools-for-stm32.12.3.rel1.macos64_1.1.0.202410301201/tools/bin/../lib/gcc/arm-none-eabi/12.3.1/../../../../arm-none-eabi/lib/thumb/v7e-m+fp/hard/libc_nano.a(libc_a-findfp.o)
 .text.__sfp_lock_acquire
                0x080107dc        0xc /Applications/STM32CubeIDE.app/Contents/Eclipse/plugins/com.st.stm32cube.ide.mcu.externaltools.gnu-tools-for-stm32.12.3.rel1.macos64_1.1.0.202410301201/tools/bin/../lib/gcc/arm-none-eabi/12.3.1/../../../../arm-none-eabi/lib/thumb/v7e-m+fp/hard/libc_nano.a(libc_a-findfp.o)
                0x080107dc                __sfp_lock_acquire
 .text.__sfp_lock_release
                0x080107e8        0xc /Applications/STM32CubeIDE.app/Contents/Eclipse/plugins/com.st.stm32cube.ide.mcu.externaltools.gnu-tools-for-stm32.12.3.rel1.macos64_1.1.0.202410301201/tools/bin/../lib/gcc/arm-none-eabi/12.3.1/../../../../arm-none-eabi/lib/thumb/v7e-m+fp/hard/libc_nano.a(libc_a-findfp.o)
                0x080107e8                __sfp_lock_release
 .text.__sinit  0x080107f4       0x30 /Applications/STM32CubeIDE.app/Contents/Eclipse/plugins/com.st.stm32cube.ide.mcu.externaltools.gnu-tools-for-stm32.12.3.rel1.macos64_1.1.0.202410301201/tools/bin/../lib/gcc/arm-none-eabi/12.3.1/../../../../arm-none-eabi/lib/thumb/v7e-m+fp/hard/libc_nano.a(libc_a-findfp.o)
                0x080107f4                __sinit
 .text._fwalk_sglue
                0x08010824       0x3c /Applications/STM32CubeIDE.app/Contents/Eclipse/plugins/com.st.stm32cube.ide.mcu.externaltools.gnu-tools-for-stm32.12.3.rel1.macos64_1.1.0.202410301201/tools/bin/../lib/gcc/arm-none-eabi/12.3.1/../../../../arm-none-eabi/lib/thumb/v7e-m+fp/hard/libc_nano.a(libc_a-fwalk.o)
                0x08010824                _fwalk_sglue
 .text._vsnprintf_r
                0x08010860       0x56 /Applications/STM32CubeIDE.app/Contents/Eclipse/plugins/com.st.stm32cube.ide.mcu.externaltools.gnu-tools-for-stm32.12.3.rel1.macos64_1.1.0.202410301201/tools/bin/../lib/gcc/arm-none-eabi/12.3.1/../../../../arm-none-eabi/lib/thumb/v7e-m+fp/hard/libc_nano.a(libc_a-vsnprintf.o)
                0x08010860                _vsnprintf_r
                0x08010860                _vsniprintf_r
 *fill*         0x080108b6        0x2 
 .text.vsnprintf
                0x080108b8       0x1c /Applications/STM32CubeIDE.app/Contents/Eclipse/plugins/com.st.stm32cube.ide.mcu.externaltools.gnu-tools-for-stm32.12.3.rel1.macos64_1.1.0.202410301201/tools/bin/../lib/gcc/arm-none-eabi/12.3.1/../../../../arm-none-eabi/lib/thumb/v7e-m+fp/hard/libc_nano.a(libc_a-vsnprintf.o)
                0x080108b8                vsnprintf
                0x080108b8                vsniprintf
 .text.memset   0x080108d4       0x10 /Applications/STM32CubeIDE.app/Contents/Eclipse/plugins/com.st.stm32cube.ide.mcu.externaltools.gnu-tools-for-stm32.12.3.rel1.macos64_1.1.0.202410301201/tools/bin/../lib/gcc/arm-none-eabi/12.3.1/../../../../arm-none-eabi/lib/thumb/v7e-m+fp/hard/libc_nano.a(libc_a-memset.o)
                0x080108d4                memset
 .text._localeconv_r
                0x080108e4        0x8 /Applications/STM32CubeIDE.app/Contents/Eclipse/plugins/com.st.stm32cube.ide.mcu.externaltools.gnu-tools-for-stm32.12.3.rel1.macos64_1.1.0.202410301201/tools/bin/../lib/gcc/arm-none-eabi/12.3.1/../../../../arm-none-eabi/lib/thumb/v7e-m+fp/hard/libc_nano.a(libc_a-localeconv.o)
                0x080108e4                _localeconv_r
 .text._reclaim_reent
                0x080108ec       0xac /Applications/STM32CubeIDE.app/Contents/Eclipse/plugins/com.st.stm32cube.ide.mcu.externaltools.gnu-tools-for-stm32.12.3.rel1.macos64_1.1.0.202410301201/tools/bin/../lib/gcc/arm-none-eabi/12.3.1/../../../../arm-none-eabi/lib/thumb/v7e-m+fp/hard/libc_nano.a(libc_a-reent.o)
                0x080108ec                _reclaim_reent
 .text.__errno  0x08010998        0xc /Applications/STM32CubeIDE.app/Contents/Eclipse/plugins/com.st.stm32cube.ide.mcu.externaltools.gnu-tools-for-stm32.12.3.rel1.macos64_1.1.0.202410301201/tools/bin/../lib/gcc/arm-none-eabi/12.3.1/../../../../arm-none-eabi/lib/thumb/v7e-m+fp/hard/libc_nano.a(libc_a-errno.o)
                0x08010998                __errno
 .text.__libc_init_array
                0x080109a4       0x48 /Applications/STM32CubeIDE.app/Contents/Eclipse/plugins/com.st.stm32cube.ide.mcu.externaltools.gnu-tools-for-stm32.12.3.rel1.macos64_1.1.0.202410301201/tools/bin/../lib/gcc/arm-none-eabi/12.3.1/../../../../arm-none-eabi/lib/thumb/v7e-m+fp/hard/libc_nano.a(libc_a-init.o)
                0x080109a4                __libc_init_array
 .text.__retarget_lock_init_recursive
                0x080109ec        0x2 /Applications/STM32CubeIDE.app/Contents/Eclipse/plugins/com.st.stm32cube.ide.mcu.externaltools.gnu-tools-for-stm32.12.3.rel1.macos64_1.1.0.202410301201/tools/bin/../lib/gcc/arm-none-eabi/12.3.1/../../../../arm-none-eabi/lib/thumb/v7e-m+fp/hard/libc_nano.a(libc_a-lock.o)
                0x080109ec                __retarget_lock_init_recursive
 .text.__retarget_lock_acquire_recursive
                0x080109ee        0x2 /Applications/STM32CubeIDE.app/Contents/Eclipse/plugins/com.st.stm32cube.ide.mcu.externaltools.gnu-tools-for-stm32.12.3.rel1.macos64_1.1.0.202410301201/tools/bin/../lib/gcc/arm-none-eabi/12.3.1/../../../../arm-none-eabi/lib/thumb/v7e-m+fp/hard/libc_nano.a(libc_a-lock.o)
                0x080109ee                __retarget_lock_acquire_recursive
 .text.__retarget_lock_release_recursive
                0x080109f0        0x2 /Applications/STM32CubeIDE.app/Contents/Eclipse/plugins/com.st.stm32cube.ide.mcu.externaltools.gnu-tools-for-stm32.12.3.rel1.macos64_1.1.0.202410301201/tools/bin/../lib/gcc/arm-none-eabi/12.3.1/../../../../arm-none-eabi/lib/thumb/v7e-m+fp/hard/libc_nano.a(libc_a-lock.o)
                0x080109f0                __retarget_lock_release_recursive
 .text.memcpy   0x080109f2       0x1c /Applications/STM32CubeIDE.app/Contents/Eclipse/plugins/com.st.stm32cube.ide.mcu.externaltools.gnu-tools-for-stm32.12.3.rel1.macos64_1.1.0.202410301201/tools/bin/../lib/gcc/arm-none-eabi/12.3.1/../../../../arm-none-eabi/lib/thumb/v7e-m+fp/hard/libc_nano.a(libc_a-memcpy-stub.o)
                0x080109f2                memcpy
 .text.quorem   0x08010a0e      0x110 /Applications/STM32CubeIDE.app/Contents/Eclipse/plugins/com.st.stm32cube.ide.mcu.externaltools.gnu-tools-for-stm32.12.3.rel1.macos64_1.1.0.202410301201/tools/bin/../lib/gcc/arm-none-eabi/12.3.1/../../../../arm-none-eabi/lib/thumb/v7e-m+fp/hard/libc_nano.a(libc_a-dtoa.o)
 *fill*         0x08010b1e        0x2 
 .text._dtoa_r  0x08010b20      0xb88 /Applications/STM32CubeIDE.app/Contents/Eclipse/plugins/com.st.stm32cube.ide.mcu.externaltools.gnu-tools-for-stm32.12.3.rel1.macos64_1.1.0.202410301201/tools/bin/../lib/gcc/arm-none-eabi/12.3.1/../../../../arm-none-eabi/lib/thumb/v7e-m+fp/hard/libc_nano.a(libc_a-dtoa.o)
                0x08010b20                _dtoa_r
 .text._free_r  0x080116a8       0x94 /Applications/STM32CubeIDE.app/Contents/Eclipse/plugins/com.st.stm32cube.ide.mcu.externaltools.gnu-tools-for-stm32.12.3.rel1.macos64_1.1.0.202410301201/tools/bin/../lib/gcc/arm-none-eabi/12.3.1/../../../../arm-none-eabi/lib/thumb/v7e-m+fp/hard/libc_nano.a(libc_a-freer.o)
                0x080116a8                _free_r
 .text.__ssputs_r
                0x0801173c       0xb6 /Applications/STM32CubeIDE.app/Contents/Eclipse/plugins/com.st.stm32cube.ide.mcu.externaltools.gnu-tools-for-stm32.12.3.rel1.macos64_1.1.0.202410301201/tools/bin/../lib/gcc/arm-none-eabi/12.3.1/../../../../arm-none-eabi/lib/thumb/v7e-m+fp/hard/libc_nano.a(libc_a-nano-svfprintf.o)
                0x0801173c                __ssputs_r
 *fill*         0x080117f2        0x2 
 .text._svfprintf_r
                0x080117f4      0x1f8 /Applications/STM32CubeIDE.app/Contents/Eclipse/plugins/com.st.stm32cube.ide.mcu.externaltools.gnu-tools-for-stm32.12.3.rel1.macos64_1.1.0.202410301201/tools/bin/../lib/gcc/arm-none-eabi/12.3.1/../../../../arm-none-eabi/lib/thumb/v7e-m+fp/hard/libc_nano.a(libc_a-nano-svfprintf.o)
                0x080117f4                _svfprintf_r
                0x080117f4                _svfiprintf_r
 .text.malloc   0x080119ec       0x10 /Applications/STM32CubeIDE.app/Contents/Eclipse/plugins/com.st.stm32cube.ide.mcu.externaltools.gnu-tools-for-stm32.12.3.rel1.macos64_1.1.0.202410301201/tools/bin/../lib/gcc/arm-none-eabi/12.3.1/../../../../arm-none-eabi/lib/thumb/v7e-m+fp/hard/libc_nano.a(libc_a-malloc.o)
                0x080119ec                malloc
 .text.sbrk_aligned
                0x080119fc       0x44 /Applications/STM32CubeIDE.app/Contents/Eclipse/plugins/com.st.stm32cube.ide.mcu.externaltools.gnu-tools-for-stm32.12.3.rel1.macos64_1.1.0.202410301201/tools/bin/../lib/gcc/arm-none-eabi/12.3.1/../../../../arm-none-eabi/lib/thumb/v7e-m+fp/hard/libc_nano.a(libc_a-mallocr.o)
 .text._malloc_r
                0x08011a40      0x100 /Applications/STM32CubeIDE.app/Contents/Eclipse/plugins/com.st.stm32cube.ide.mcu.externaltools.gnu-tools-for-stm32.12.3.rel1.macos64_1.1.0.202410301201/tools/bin/../lib/gcc/arm-none-eabi/12.3.1/../../../../arm-none-eabi/lib/thumb/v7e-m+fp/hard/libc_nano.a(libc_a-mallocr.o)
                0x08011a40                _malloc_r
 .text.__sflush_r
                0x08011b40      0x108 /Applications/STM32CubeIDE.app/Contents/Eclipse/plugins/com.st.stm32cube.ide.mcu.externaltools.gnu-tools-for-stm32.12.3.rel1.macos64_1.1.0.202410301201/tools/bin/../lib/gcc/arm-none-eabi/12.3.1/../../../../arm-none-eabi/lib/thumb/v7e-m+fp/hard/libc_nano.a(libc_a-fflush.o)
                0x08011b40                __sflush_r
 .text._fflush_r
                0x08011c48       0x50 /Applications/STM32CubeIDE.app/Contents/Eclipse/plugins/com.st.stm32cube.ide.mcu.externaltools.gnu-tools-for-stm32.12.3.rel1.macos64_1.1.0.202410301201/tools/bin/../lib/gcc/arm-none-eabi/12.3.1/../../../../arm-none-eabi/lib/thumb/v7e-m+fp/hard/libc_nano.a(libc_a-fflush.o)
                0x08011c48                _fflush_r
 .text.__malloc_lock
                0x08011c98        0xc /Applications/STM32CubeIDE.app/Contents/Eclipse/plugins/com.st.stm32cube.ide.mcu.externaltools.gnu-tools-for-stm32.12.3.rel1.macos64_1.1.0.202410301201/tools/bin/../lib/gcc/arm-none-eabi/12.3.1/../../../../arm-none-eabi/lib/thumb/v7e-m+fp/hard/libc_nano.a(libc_a-mlock.o)
                0x08011c98                __malloc_lock
 .text.__malloc_unlock
                0x08011ca4        0xc /Applications/STM32CubeIDE.app/Contents/Eclipse/plugins/com.st.stm32cube.ide.mcu.externaltools.gnu-tools-for-stm32.12.3.rel1.macos64_1.1.0.202410301201/tools/bin/../lib/gcc/arm-none-eabi/12.3.1/../../../../arm-none-eabi/lib/thumb/v7e-m+fp/hard/libc_nano.a(libc_a-mlock.o)
                0x08011ca4                __malloc_unlock
 .text._Balloc  0x08011cb0       0x80 /Applications/STM32CubeIDE.app/Contents/Eclipse/plugins/com.st.stm32cube.ide.mcu.externaltools.gnu-tools-for-stm32.12.3.rel1.macos64_1.1.0.202410301201/tools/bin/../lib/gcc/arm-none-eabi/12.3.1/../../../../arm-none-eabi/lib/thumb/v7e-m+fp/hard/libc_nano.a(libc_a-mprec.o)
                0x08011cb0                _Balloc
 .text._Bfree   0x08011d30       0x44 /Applications/STM32CubeIDE.app/Contents/Eclipse/plugins/com.st.stm32cube.ide.mcu.externaltools.gnu-tools-for-stm32.12.3.rel1.macos64_1.1.0.202410301201/tools/bin/../lib/gcc/arm-none-eabi/12.3.1/../../../../arm-none-eabi/lib/thumb/v7e-m+fp/hard/libc_nano.a(libc_a-mprec.o)
                0x08011d30                _Bfree
 .text.__multadd
                0x08011d74       0x8c /Applications/STM32CubeIDE.app/Contents/Eclipse/plugins/com.st.stm32cube.ide.mcu.externaltools.gnu-tools-for-stm32.12.3.rel1.macos64_1.1.0.202410301201/tools/bin/../lib/gcc/arm-none-eabi/12.3.1/../../../../arm-none-eabi/lib/thumb/v7e-m+fp/hard/libc_nano.a(libc_a-mprec.o)
                0x08011d74                __multadd
 .text.__hi0bits
                0x08011e00       0x3e /Applications/STM32CubeIDE.app/Contents/Eclipse/plugins/com.st.stm32cube.ide.mcu.externaltools.gnu-tools-for-stm32.12.3.rel1.macos64_1.1.0.202410301201/tools/bin/../lib/gcc/arm-none-eabi/12.3.1/../../../../arm-none-eabi/lib/thumb/v7e-m+fp/hard/libc_nano.a(libc_a-mprec.o)
                0x08011e00                __hi0bits
 .text.__lo0bits
                0x08011e3e       0x5a /Applications/STM32CubeIDE.app/Contents/Eclipse/plugins/com.st.stm32cube.ide.mcu.externaltools.gnu-tools-for-stm32.12.3.rel1.macos64_1.1.0.202410301201/tools/bin/../lib/gcc/arm-none-eabi/12.3.1/../../../../arm-none-eabi/lib/thumb/v7e-m+fp/hard/libc_nano.a(libc_a-mprec.o)
                0x08011e3e                __lo0bits
 .text.__i2b    0x08011e98       0x2c /Applications/STM32CubeIDE.app/Contents/Eclipse/plugins/com.st.stm32cube.ide.mcu.externaltools.gnu-tools-for-stm32.12.3.rel1.macos64_1.1.0.202410301201/tools/bin/../lib/gcc/arm-none-eabi/12.3.1/../../../../arm-none-eabi/lib/thumb/v7e-m+fp/hard/libc_nano.a(libc_a-mprec.o)
                0x08011e98                __i2b
 .text.__multiply
                0x08011ec4      0x154 /Applications/STM32CubeIDE.app/Contents/Eclipse/plugins/com.st.stm32cube.ide.mcu.externaltools.gnu-tools-for-stm32.12.3.rel1.macos64_1.1.0.202410301201/tools/bin/../lib/gcc/arm-none-eabi/12.3.1/../../../../arm-none-eabi/lib/thumb/v7e-m+fp/hard/libc_nano.a(libc_a-mprec.o)
                0x08011ec4                __multiply
 .text.__pow5mult
                0x08012018       0xb4 /Applications/STM32CubeIDE.app/Contents/Eclipse/plugins/com.st.stm32cube.ide.mcu.externaltools.gnu-tools-for-stm32.12.3.rel1.macos64_1.1.0.202410301201/tools/bin/../lib/gcc/arm-none-eabi/12.3.1/../../../../arm-none-eabi/lib/thumb/v7e-m+fp/hard/libc_nano.a(libc_a-mprec.o)
                0x08012018                __pow5mult
 .text.__lshift
                0x080120cc       0xd8 /Applications/STM32CubeIDE.app/Contents/Eclipse/plugins/com.st.stm32cube.ide.mcu.externaltools.gnu-tools-for-stm32.12.3.rel1.macos64_1.1.0.202410301201/tools/bin/../lib/gcc/arm-none-eabi/12.3.1/../../../../arm-none-eabi/lib/thumb/v7e-m+fp/hard/libc_nano.a(libc_a-mprec.o)
                0x080120cc                __lshift
 .text.__mcmp   0x080121a4       0x36 /Applications/STM32CubeIDE.app/Contents/Eclipse/plugins/com.st.stm32cube.ide.mcu.externaltools.gnu-tools-for-stm32.12.3.rel1.macos64_1.1.0.202410301201/tools/bin/../lib/gcc/arm-none-eabi/12.3.1/../../../../arm-none-eabi/lib/thumb/v7e-m+fp/hard/libc_nano.a(libc_a-mprec.o)
                0x080121a4                __mcmp
 *fill*         0x080121da        0x2 
 .text.__mdiff  0x080121dc      0x128 /Applications/STM32CubeIDE.app/Contents/Eclipse/plugins/com.st.stm32cube.ide.mcu.externaltools.gnu-tools-for-stm32.12.3.rel1.macos64_1.1.0.202410301201/tools/bin/../lib/gcc/arm-none-eabi/12.3.1/../../../../arm-none-eabi/lib/thumb/v7e-m+fp/hard/libc_nano.a(libc_a-mprec.o)
                0x080121dc                __mdiff
 .text.__d2b    0x08012304       0xb0 /Applications/STM32CubeIDE.app/Contents/Eclipse/plugins/com.st.stm32cube.ide.mcu.externaltools.gnu-tools-for-stm32.12.3.rel1.macos64_1.1.0.202410301201/tools/bin/../lib/gcc/arm-none-eabi/12.3.1/../../../../arm-none-eabi/lib/thumb/v7e-m+fp/hard/libc_nano.a(libc_a-mprec.o)
                0x08012304                __d2b
 .text.__sread  0x080123b4       0x22 /Applications/STM32CubeIDE.app/Contents/Eclipse/plugins/com.st.stm32cube.ide.mcu.externaltools.gnu-tools-for-stm32.12.3.rel1.macos64_1.1.0.202410301201/tools/bin/../lib/gcc/arm-none-eabi/12.3.1/../../../../arm-none-eabi/lib/thumb/v7e-m+fp/hard/libc_nano.a(libc_a-stdio.o)
                0x080123b4                __sread
 .text.__swrite
                0x080123d6       0x38 /Applications/STM32CubeIDE.app/Contents/Eclipse/plugins/com.st.stm32cube.ide.mcu.externaltools.gnu-tools-for-stm32.12.3.rel1.macos64_1.1.0.202410301201/tools/bin/../lib/gcc/arm-none-eabi/12.3.1/../../../../arm-none-eabi/lib/thumb/v7e-m+fp/hard/libc_nano.a(libc_a-stdio.o)
                0x080123d6                __swrite