../Core/Src/main.c:103:6:CDC_Transmit_Print	272	static
../Core/Src/main.c:114:6:HAL_GPIO_EXTI_Callback	24	static
../Core/Src/main.c:134:5:main	8	static
../Core/Src/main.c:242:6:SystemClock_Config	88	static
../Core/Src/main.c:284:13:MX_ADC3_Init	40	static
../Core/Src/main.c:347:13:MX_FDCAN2_Init	8	static
../Core/Src/main.c:390:13:MX_I2C2_Init	8	static
../Core/Src/main.c:438:13:MX_LPUART1_UART_Init	8	static
../Core/Src/main.c:485:13:MX_GPIO_Init	48	static
../Core/Src/main.c:560:6:startBlinkLED	16	static
../Core/Src/main.c:581:6:startReadInstrumentation	16	static
../Core/Src/main.c:601:6:startPrintInstrumentation	24	static
../Core/Src/main.c:628:6:HAL_TIM_PeriodElapsedCallback	16	static
../Core/Src/main.c:645:6:Error_Handler	4	static,ignoring_inline_asm
